Archive member included to satisfy reference by file (symbol)

f:/systemworkbench/plugins/fr.ac6.mcu.externaltools.arm-none.win32_1.17.0.201812190825/tools/compiler/bin/../lib/gcc/arm-none-eabi/7.3.1/../../../../arm-none-eabi/lib/thumb/v7-m\libc.a(lib_a-errno.o)
                              src/syscalls.o (__errno)
f:/systemworkbench/plugins/fr.ac6.mcu.externaltools.arm-none.win32_1.17.0.201812190825/tools/compiler/bin/../lib/gcc/arm-none-eabi/7.3.1/../../../../arm-none-eabi/lib/thumb/v7-m\libc.a(lib_a-exit.o)
                              f:/systemworkbench/plugins/fr.ac6.mcu.externaltools.arm-none.win32_1.17.0.201812190825/tools/compiler/bin/../lib/gcc/arm-none-eabi/7.3.1/../../../../arm-none-eabi/lib/thumb/v7-m/crt0.o (exit)
f:/systemworkbench/plugins/fr.ac6.mcu.externaltools.arm-none.win32_1.17.0.201812190825/tools/compiler/bin/../lib/gcc/arm-none-eabi/7.3.1/../../../../arm-none-eabi/lib/thumb/v7-m\libc.a(lib_a-impure.o)
                              f:/systemworkbench/plugins/fr.ac6.mcu.externaltools.arm-none.win32_1.17.0.201812190825/tools/compiler/bin/../lib/gcc/arm-none-eabi/7.3.1/../../../../arm-none-eabi/lib/thumb/v7-m\libc.a(lib_a-exit.o) (_global_impure_ptr)
f:/systemworkbench/plugins/fr.ac6.mcu.externaltools.arm-none.win32_1.17.0.201812190825/tools/compiler/bin/../lib/gcc/arm-none-eabi/7.3.1/../../../../arm-none-eabi/lib/thumb/v7-m\libc.a(lib_a-init.o)
                              f:/systemworkbench/plugins/fr.ac6.mcu.externaltools.arm-none.win32_1.17.0.201812190825/tools/compiler/bin/../lib/gcc/arm-none-eabi/7.3.1/../../../../arm-none-eabi/lib/thumb/v7-m/crt0.o (__libc_init_array)
f:/systemworkbench/plugins/fr.ac6.mcu.externaltools.arm-none.win32_1.17.0.201812190825/tools/compiler/bin/../lib/gcc/arm-none-eabi/7.3.1/../../../../arm-none-eabi/lib/thumb/v7-m\libc.a(lib_a-memset.o)
                              f:/systemworkbench/plugins/fr.ac6.mcu.externaltools.arm-none.win32_1.17.0.201812190825/tools/compiler/bin/../lib/gcc/arm-none-eabi/7.3.1/../../../../arm-none-eabi/lib/thumb/v7-m/crt0.o (memset)
f:/systemworkbench/plugins/fr.ac6.mcu.externaltools.arm-none.win32_1.17.0.201812190825/tools/compiler/bin/../lib/gcc/arm-none-eabi/7.3.1/../../../../arm-none-eabi/lib/thumb/v7-m\libc.a(lib_a-strlen-stub.o)
                              src/init/USART_init.o (strlen)
f:/systemworkbench/plugins/fr.ac6.mcu.externaltools.arm-none.win32_1.17.0.201812190825/tools/compiler/bin/../lib/gcc/arm-none-eabi/7.3.1/../../../../arm-none-eabi/lib/thumb/v7-m\libc.a(lib_a-__call_atexit.o)
                              f:/systemworkbench/plugins/fr.ac6.mcu.externaltools.arm-none.win32_1.17.0.201812190825/tools/compiler/bin/../lib/gcc/arm-none-eabi/7.3.1/../../../../arm-none-eabi/lib/thumb/v7-m\libc.a(lib_a-exit.o) (__call_exitprocs)
f:/systemworkbench/plugins/fr.ac6.mcu.externaltools.arm-none.win32_1.17.0.201812190825/tools/compiler/bin/../lib/gcc/arm-none-eabi/7.3.1/../../../../arm-none-eabi/lib/thumb/v7-m\libc.a(lib_a-atexit.o)
                              f:/systemworkbench/plugins/fr.ac6.mcu.externaltools.arm-none.win32_1.17.0.201812190825/tools/compiler/bin/../lib/gcc/arm-none-eabi/7.3.1/../../../../arm-none-eabi/lib/thumb/v7-m\libc.a(lib_a-__call_atexit.o) (atexit)
f:/systemworkbench/plugins/fr.ac6.mcu.externaltools.arm-none.win32_1.17.0.201812190825/tools/compiler/bin/../lib/gcc/arm-none-eabi/7.3.1/../../../../arm-none-eabi/lib/thumb/v7-m\libc.a(lib_a-fini.o)
                              f:/systemworkbench/plugins/fr.ac6.mcu.externaltools.arm-none.win32_1.17.0.201812190825/tools/compiler/bin/../lib/gcc/arm-none-eabi/7.3.1/../../../../arm-none-eabi/lib/thumb/v7-m\libc.a(lib_a-__call_atexit.o) (__libc_fini_array)
f:/systemworkbench/plugins/fr.ac6.mcu.externaltools.arm-none.win32_1.17.0.201812190825/tools/compiler/bin/../lib/gcc/arm-none-eabi/7.3.1/../../../../arm-none-eabi/lib/thumb/v7-m\libc.a(lib_a-lock.o)
                              f:/systemworkbench/plugins/fr.ac6.mcu.externaltools.arm-none.win32_1.17.0.201812190825/tools/compiler/bin/../lib/gcc/arm-none-eabi/7.3.1/../../../../arm-none-eabi/lib/thumb/v7-m\libc.a(lib_a-__call_atexit.o) (__retarget_lock_acquire_recursive)
f:/systemworkbench/plugins/fr.ac6.mcu.externaltools.arm-none.win32_1.17.0.201812190825/tools/compiler/bin/../lib/gcc/arm-none-eabi/7.3.1/../../../../arm-none-eabi/lib/thumb/v7-m\libc.a(lib_a-__atexit.o)
                              f:/systemworkbench/plugins/fr.ac6.mcu.externaltools.arm-none.win32_1.17.0.201812190825/tools/compiler/bin/../lib/gcc/arm-none-eabi/7.3.1/../../../../arm-none-eabi/lib/thumb/v7-m\libc.a(lib_a-atexit.o) (__register_exitproc)

Allocating common symbols
Common symbol       size              file

__lock___atexit_recursive_mutex
                    0x1               f:/systemworkbench/plugins/fr.ac6.mcu.externaltools.arm-none.win32_1.17.0.201812190825/tools/compiler/bin/../lib/gcc/arm-none-eabi/7.3.1/../../../../arm-none-eabi/lib/thumb/v7-m\libc.a(lib_a-lock.o)
[...]
Memory Configuration

Name             Origin             Length             Attributes
RAM              0x20000000         0x00005000         xrw
ROM              0x08000000         0x00010000         xr
*default*        0x00000000         0xffffffff

Linker script and memory map

LOAD f:/systemworkbench/plugins/fr.ac6.mcu.externaltools.arm-none.win32_1.17.0.201812190825/tools/compiler/bin/../lib/gcc/arm-none-eabi/7.3.1/thumb/v7-m/crti.o
LOAD f:/systemworkbench/plugins/fr.ac6.mcu.externaltools.arm-none.win32_1.17.0.201812190825/tools/compiler/bin/../lib/gcc/arm-none-eabi/7.3.1/thumb/v7-m/crtbegin.o
LOAD f:/systemworkbench/plugins/fr.ac6.mcu.externaltools.arm-none.win32_1.17.0.201812190825/tools/compiler/bin/../lib/gcc/arm-none-eabi/7.3.1/../../../../arm-none-eabi/lib/thumb/v7-m/crt0.o
LOAD CMSIS/core/core_cm3.o
LOAD StdPeriph_Driver/src/misc.o
LOAD StdPeriph_Driver/src/stm32f10x_adc.o
LOAD StdPeriph_Driver/src/stm32f10x_bkp.o
LOAD StdPeriph_Driver/src/stm32f10x_can.o
LOAD StdPeriph_Driver/src/stm32f10x_cec.o
LOAD StdPeriph_Driver/src/stm32f10x_crc.o
LOAD StdPeriph_Driver/src/stm32f10x_dac.o
LOAD StdPeriph_Driver/src/stm32f10x_dbgmcu.o
LOAD StdPeriph_Driver/src/stm32f10x_dma.o
LOAD StdPeriph_Driver/src/stm32f10x_exti.o
LOAD StdPeriph_Driver/src/stm32f10x_flash.o
LOAD StdPeriph_Driver/src/stm32f10x_fsmc.o
LOAD StdPeriph_Driver/src/stm32f10x_gpio.o
LOAD StdPeriph_Driver/src/stm32f10x_i2c.o
LOAD StdPeriph_Driver/src/stm32f10x_iwdg.o
LOAD StdPeriph_Driver/src/stm32f10x_pwr.o
LOAD StdPeriph_Driver/src/stm32f10x_rcc.o
LOAD StdPeriph_Driver/src/stm32f10x_rtc.o
LOAD StdPeriph_Driver/src/stm32f10x_sdio.o
LOAD StdPeriph_Driver/src/stm32f10x_spi.o
LOAD StdPeriph_Driver/src/stm32f10x_tim.o
LOAD StdPeriph_Driver/src/stm32f10x_usart.o
LOAD StdPeriph_Driver/src/stm32f10x_wwdg.o
LOAD src/init/GPIO.o
LOAD src/init/NVIC_init.o
LOAD src/init/RCC_init.o
LOAD src/init/TIMERS_init.o
LOAD src/init/USART_init.o
LOAD src/init/engine.o
LOAD src/init/stm32f10x_it.o
LOAD src/main.o
LOAD src/syscalls.o
LOAD src/system_stm32f10x.o
LOAD startup/startup_stm32.o
LOAD f:/systemworkbench/plugins/fr.ac6.mcu.externaltools.arm-none.win32_1.17.0.201812190825/tools/compiler/bin/../lib/gcc/arm-none-eabi/7.3.1/../../../../arm-none-eabi/lib/thumb/v7-m\libm.a
START GROUP
LOAD f:/systemworkbench/plugins/fr.ac6.mcu.externaltools.arm-none.win32_1.17.0.201812190825/tools/compiler/bin/../lib/gcc/arm-none-eabi/7.3.1/thumb/v7-m\libgcc.a
LOAD f:/systemworkbench/plugins/fr.ac6.mcu.externaltools.arm-none.win32_1.17.0.201812190825/tools/compiler/bin/../lib/gcc/arm-none-eabi/7.3.1/../../../../arm-none-eabi/lib/thumb/v7-m\libc.a
END GROUP
LOAD f:/systemworkbench/plugins/fr.ac6.mcu.externaltools.arm-none.win32_1.17.0.201812190825/tools/compiler/bin/../lib/gcc/arm-none-eabi/7.3.1/thumb/v7-m/crtend.o
LOAD f:/systemworkbench/plugins/fr.ac6.mcu.externaltools.arm-none.win32_1.17.0.201812190825/tools/compiler/bin/../lib/gcc/arm-none-eabi/7.3.1/thumb/v7-m/crtn.o
                0x20005000                _estack = 0x20005000
                0x00000000                _Min_Heap_Size = 0x0
                0x00000400                _Min_Stack_Size = 0x400

.isr_vector     0x08000000      0x130
                0x08000000                . = ALIGN (0x4)
 *(.isr_vector)
 .isr_vector    0x08000000      0x130 startup/startup_stm32.o
                0x08000000                g_pfnVectors
                0x08000130                . = ALIGN (0x4)

.text           0x08000130     0x1f9c
                0x08000130                . = ALIGN (0x4)
 *(.text)
 .text          0x08000130       0x40 f:/systemworkbench/plugins/fr.ac6.mcu.externaltools.arm-none.win32_1.17.0.201812190825/tools/compiler/bin/../lib/gcc/arm-none-eabi/7.3.1/thumb/v7-m/crtbegin.o
 *(.text*)
 .text.NVIC_PriorityGroupConfig
                0x08000170       0x24 StdPeriph_Driver/src/misc.o
                0x08000170                NVIC_PriorityGroupConfig
 .text.NVIC_Init
                0x08000194       0xc4 StdPeriph_Driver/src/misc.o
                0x08000194                NVIC_Init
 .text.NVIC_SetVectorTable
                0x08000258       0x2c StdPeriph_Driver/src/misc.o
                0x08000258                NVIC_SetVectorTable
 .text.SysTick_CLKSourceConfig
                0x08000284       0x38 StdPeriph_Driver/src/misc.o
                0x08000284                SysTick_CLKSourceConfig
 .text.DMA_DeInit
                0x080002bc      0x178 StdPeriph_Driver/src/stm32f10x_dma.o
                0x080002bc                DMA_DeInit
 .text.DMA_Init
                0x08000434       0x7c StdPeriph_Driver/src/stm32f10x_dma.o
                0x08000434                DMA_Init
 .text.DMA_Cmd  0x080004b0       0x38 StdPeriph_Driver/src/stm32f10x_dma.o
                0x080004b0                DMA_Cmd
 .text.DMA_ITConfig
                0x080004e8       0x3a StdPeriph_Driver/src/stm32f10x_dma.o
                0x080004e8                DMA_ITConfig
 .text.DMA_SetCurrDataCounter
                0x08000522       0x1c StdPeriph_Driver/src/stm32f10x_dma.o
                0x08000522                DMA_SetCurrDataCounter
 *fill*         0x0800053e        0x2 
 .text.DMA_ClearFlag
                0x08000540       0x34 StdPeriph_Driver/src/stm32f10x_dma.o
                0x08000540                DMA_ClearFlag
 .text.DMA_ClearITPendingBit
                0x08000574       0x34 StdPeriph_Driver/src/stm32f10x_dma.o
                0x08000574                DMA_ClearITPendingBit
 .text.EXTI_ClearITPendingBit
                0x080005a8       0x1c StdPeriph_Driver/src/stm32f10x_exti.o
                0x080005a8                EXTI_ClearITPendingBit
 .text.FLASH_SetLatency
                0x080005c4       0x38 StdPeriph_Driver/src/stm32f10x_flash.o
                0x080005c4                FLASH_SetLatency
 .text.FLASH_PrefetchBufferCmd
                0x080005fc       0x30 StdPeriph_Driver/src/stm32f10x_flash.o
                0x080005fc                FLASH_PrefetchBufferCmd
 .text.GPIO_Init
                0x0800062c      0x178 StdPeriph_Driver/src/stm32f10x_gpio.o
                0x0800062c                GPIO_Init
 .text.GPIO_SetBits
                0x080007a4       0x1c StdPeriph_Driver/src/stm32f10x_gpio.o
                0x080007a4                GPIO_SetBits
 .text.GPIO_WriteBit
                0x080007c0       0x2e StdPeriph_Driver/src/stm32f10x_gpio.o
                0x080007c0                GPIO_WriteBit
 *fill*         0x080007ee        0x2 
 .text.RCC_DeInit
                0x080007f0       0x5c StdPeriph_Driver/src/stm32f10x_rcc.o
                0x080007f0                RCC_DeInit
 .text.RCC_HSEConfig
                0x0800084c       0x5c StdPeriph_Driver/src/stm32f10x_rcc.o
                0x0800084c                RCC_HSEConfig
 .text.RCC_WaitForHSEStartUp
                0x080008a8       0x50 StdPeriph_Driver/src/stm32f10x_rcc.o
                0x080008a8                RCC_WaitForHSEStartUp
 .text.RCC_PLLConfig
                0x080008f8       0x3c StdPeriph_Driver/src/stm32f10x_rcc.o
                0x080008f8                RCC_PLLConfig
 .text.RCC_PLLCmd
                0x08000934       0x20 StdPeriph_Driver/src/stm32f10x_rcc.o
                0x08000934                RCC_PLLCmd
 .text.RCC_SYSCLKConfig
                0x08000954       0x38 StdPeriph_Driver/src/stm32f10x_rcc.o
                0x08000954                RCC_SYSCLKConfig
 .text.RCC_GetSYSCLKSource
                0x0800098c       0x1c StdPeriph_Driver/src/stm32f10x_rcc.o
                0x0800098c                RCC_GetSYSCLKSource
 .text.RCC_HCLKConfig
                0x080009a8       0x38 StdPeriph_Driver/src/stm32f10x_rcc.o
                0x080009a8                RCC_HCLKConfig
 .text.RCC_PCLK1Config
                0x080009e0       0x38 StdPeriph_Driver/src/stm32f10x_rcc.o
                0x080009e0                RCC_PCLK1Config
 .text.RCC_PCLK2Config
                0x08000a18       0x38 StdPeriph_Driver/src/stm32f10x_rcc.o
                0x08000a18                RCC_PCLK2Config
 .text.RCC_GetClocksFreq
                0x08000a50      0x160 StdPeriph_Driver/src/stm32f10x_rcc.o
                0x08000a50                RCC_GetClocksFreq
 .text.RCC_AHBPeriphClockCmd
                0x08000bb0       0x3c StdPeriph_Driver/src/stm32f10x_rcc.o
                0x08000bb0                RCC_AHBPeriphClockCmd
 .text.RCC_APB2PeriphClockCmd
                0x08000bec       0x3c StdPeriph_Driver/src/stm32f10x_rcc.o
                0x08000bec                RCC_APB2PeriphClockCmd
 .text.RCC_APB1PeriphClockCmd
                0x08000c28       0x3c StdPeriph_Driver/src/stm32f10x_rcc.o
                0x08000c28                RCC_APB1PeriphClockCmd
 .text.RCC_GetFlagStatus
                0x08000c64       0x74 StdPeriph_Driver/src/stm32f10x_rcc.o
                0x08000c64                RCC_GetFlagStatus
 .text.TIM_TimeBaseInit
                0x08000cd8       0xf8 StdPeriph_Driver/src/stm32f10x_tim.o
                0x08000cd8                TIM_TimeBaseInit
 .text.TIM_OC1Init
                0x08000dd0      0x118 StdPeriph_Driver/src/stm32f10x_tim.o
                0x08000dd0                TIM_OC1Init
 .text.TIM_Cmd  0x08000ee8       0x3e StdPeriph_Driver/src/stm32f10x_tim.o
                0x08000ee8                TIM_Cmd
 .text.TIM_ITConfig
                0x08000f26       0x46 StdPeriph_Driver/src/stm32f10x_tim.o
                0x08000f26                TIM_ITConfig
 .text.TIM_OC1PreloadConfig
                0x08000f6c       0x36 StdPeriph_Driver/src/stm32f10x_tim.o
                0x08000f6c                TIM_OC1PreloadConfig
 .text.TIM_SetCompare1
                0x08000fa2       0x1c StdPeriph_Driver/src/stm32f10x_tim.o
                0x08000fa2                TIM_SetCompare1
 .text.TIM_GetCapture1
                0x08000fbe       0x18 StdPeriph_Driver/src/stm32f10x_tim.o
                0x08000fbe                TIM_GetCapture1
 .text.TIM_GetITStatus
                0x08000fd6       0x52 StdPeriph_Driver/src/stm32f10x_tim.o
                0x08000fd6                TIM_GetITStatus
 .text.TIM_ClearITPendingBit
                0x08001028       0x20 StdPeriph_Driver/src/stm32f10x_tim.o
                0x08001028                TIM_ClearITPendingBit
 .text.USART_Init
                0x08001048      0x174 StdPeriph_Driver/src/stm32f10x_usart.o
                0x08001048                USART_Init
 .text.USART_Cmd
                0x080011bc       0x3e StdPeriph_Driver/src/stm32f10x_usart.o
                0x080011bc                USART_Cmd
 .text.USART_ITConfig
                0x080011fa       0x8e StdPeriph_Driver/src/stm32f10x_usart.o
                0x080011fa                USART_ITConfig
 .text.USART_DMACmd
                0x08001288       0x46 StdPeriph_Driver/src/stm32f10x_usart.o
                0x08001288                USART_DMACmd
 .text.USART_ClearFlag
                0x080012ce       0x20 StdPeriph_Driver/src/stm32f10x_usart.o
                0x080012ce                USART_ClearFlag
 *fill*         0x080012ee        0x2 
 .text.gpio_init
                0x080012f0       0x70 src/init/GPIO.o
                0x080012f0                gpio_init
 .text.nvic_init
                0x08001360       0x6e src/init/NVIC_init.o
                0x08001360                nvic_init
 .text.RCC_init
                0x080013ce       0x94 src/init/RCC_init.o
                0x080013ce                RCC_init
 *fill*         0x08001462        0x2 
 .text.tim1_init
                0x08001464       0xb4 src/init/TIMERS_init.o
                0x08001464                tim1_init
 .text.USART1_init
                0x08001518       0xe8 src/init/USART_init.o
                0x08001518                USART1_init
 .text.buf_full
                0x08001600       0x20 src/init/USART_init.o
                0x08001600                buf_full
 .text.buf_empty
                0x08001620       0x20 src/init/USART_init.o
                0x08001620                buf_empty
 .text.append_rx_data_size
                0x08001640       0x48 src/init/USART_init.o
                0x08001640                append_rx_data_size
 .text.buf_readbyte
                0x08001688       0x58 src/init/USART_init.o
                0x08001688                buf_readbyte
 .text.find_start_of_frame
                0x080016e0       0x30 src/init/USART_init.o
                0x080016e0                find_start_of_frame
 .text.DMA_chan4_send_data
                0x08001710       0x48 src/init/USART_init.o
                0x08001710                DMA_chan4_send_data
 .text.init_engines
                0x08001758       0x7c src/init/engine.o
                0x08001758                init_engines
 .text.NMI_Handler
                0x080017d4        0xc src/init/stm32f10x_it.o
                0x080017d4                NMI_Handler
 .text.HardFault_Handler
                0x080017e0        0x6 src/init/stm32f10x_it.o
                0x080017e0                HardFault_Handler
 .text.MemManage_Handler
                0x080017e6        0x6 src/init/stm32f10x_it.o
                0x080017e6                MemManage_Handler
 .text.BusFault_Handler
                0x080017ec        0x6 src/init/stm32f10x_it.o
                0x080017ec                BusFault_Handler
 .text.UsageFault_Handler
                0x080017f2        0x6 src/init/stm32f10x_it.o
                0x080017f2                UsageFault_Handler
 .text.SVC_Handler
                0x080017f8        0xc src/init/stm32f10x_it.o
                0x080017f8                SVC_Handler
 .text.DebugMon_Handler
                0x08001804        0xc src/init/stm32f10x_it.o
                0x08001804                DebugMon_Handler
 .text.PendSV_Handler
                0x08001810        0xc src/init/stm32f10x_it.o
                0x08001810                PendSV_Handler
 .text.SysTick_Handler
                0x0800181c       0x48 src/init/stm32f10x_it.o
                0x0800181c                SysTick_Handler
 .text.TIM1_CC_IRQHandler
                0x08001864      0x164 src/init/stm32f10x_it.o
                0x08001864                TIM1_CC_IRQHandler
 .text.EXTI0_IRQHandler
                0x080019c8        0xe src/init/stm32f10x_it.o
                0x080019c8                EXTI0_IRQHandler
 *fill*         0x080019d6        0x2 
 .text.USART1_IRQHandler
                0x080019d8       0x24 src/init/stm32f10x_it.o
                0x080019d8                USART1_IRQHandler
 .text.DMA1_Channel5_IRQHandler
                0x080019fc       0x24 src/init/stm32f10x_it.o
                0x080019fc                DMA1_Channel5_IRQHandler
 .text.NVIC_SetPriority
                0x08001a20       0x54 src/main.o
 .text.SysTick_Config
                0x08001a74       0x44 src/main.o
 .text.main     0x08001ab8      0x134 src/main.o
                0x08001ab8                main
 .text.parse_comand
                0x08001bec      0x148 src/main.o
                0x08001bec                parse_comand
 .text.hex_char_to_dec
                0x08001d34       0x52 src/main.o
                0x08001d34                hex_char_to_dec
 *fill*         0x08001d86        0x2 
 .text.SystemInit
                0x08001d88       0x68 src/system_stm32f10x.o
                0x08001d88                SystemInit
 .text.SetSysClock
                0x08001df0        0xc src/system_stm32f10x.o
 .text.SetSysClockTo72
                0x08001dfc      0x100 src/system_stm32f10x.o
 .text.Reset_Handler
                0x08001efc       0x50 startup/startup_stm32.o
                0x08001efc                Reset_Handler
 .text.Default_Handler
                0x08001f4c        0x2 startup/startup_stm32.o
                0x08001f4c                EXTI2_IRQHandler
                0x08001f4c                TIM8_TRG_COM_IRQHandler
                0x08001f4c                TIM8_CC_IRQHandler
                0x08001f4c                TIM6_IRQHandler
                0x08001f4c                PVD_IRQHandler
                0x08001f4c                SDIO_IRQHandler
                0x08001f4c                EXTI3_IRQHandler
                0x08001f4c                USB_HP_CAN_TX_IRQHandler
                0x08001f4c                I2C2_EV_IRQHandler
                0x08001f4c                ADC1_2_IRQHandler
                0x08001f4c                SPI1_IRQHandler
                0x08001f4c                CAN_SCE_IRQHandler
                0x08001f4c                TAMPER_IRQHandler
                0x08001f4c                TIM8_UP_IRQHandler
                0x08001f4c                DMA2_Channel2_IRQHandler
                0x08001f4c                DMA1_Channel4_IRQHandler
                0x08001f4c                USART3_IRQHandler
                0x08001f4c                RTC_IRQHandler
                0x08001f4c                DMA1_Channel7_IRQHandler
                0x08001f4c                UART5_IRQHandler
                0x08001f4c                ADC3_IRQHandler
                0x08001f4c                TIM4_IRQHandler
                0x08001f4c                CAN_RX1_IRQHandler
                0x08001f4c                DMA2_Channel1_IRQHandler
                0x08001f4c                I2C1_EV_IRQHandler
                0x08001f4c                DMA1_Channel6_IRQHandler
                0x08001f4c                UART4_IRQHandler
                0x08001f4c                TIM3_IRQHandler
                0x08001f4c                RCC_IRQHandler
                0x08001f4c                TIM1_TRG_COM_IRQHandler
                0x08001f4c                DMA1_Channel1_IRQHandler
                0x08001f4c                Default_Handler
                0x08001f4c                EXTI15_10_IRQHandler
                0x08001f4c                TIM7_IRQHandler
                0x08001f4c                TIM5_IRQHandler
                0x08001f4c                EXTI9_5_IRQHandler
                0x08001f4c                SPI2_IRQHandler
                0x08001f4c                USB_LP_CAN_RX0_IRQHandler
                0x08001f4c                EXTI4_IRQHandler
                0x08001f4c                DMA1_Channel3_IRQHandler
                0x08001f4c                FSMC_IRQHandler
                0x08001f4c                TIM1_UP_IRQHandler
                0x08001f4c                WWDG_IRQHandler
                0x08001f4c                TIM2_IRQHandler
                0x08001f4c                TIM1_BRK_IRQHandler
                0x08001f4c                EXTI1_IRQHandler
                0x08001f4c                RTCAlarm_IRQHandler
                0x08001f4c                DMA2_Channel4_5_IRQHandler
                0x08001f4c                USART2_IRQHandler
                0x08001f4c                I2C2_ER_IRQHandler
                0x08001f4c                DMA1_Channel2_IRQHandler
                0x08001f4c                TIM8_BRK_IRQHandler
                0x08001f4c                FLASH_IRQHandler
                0x08001f4c                SPI3_IRQHandler
                0x08001f4c                I2C1_ER_IRQHandler
                0x08001f4c                DMA2_Channel3_IRQHandler
 *fill*         0x08001f4e        0x2 
 .text.__libc_init_array
                0x08001f50       0x48 f:/systemworkbench/plugins/fr.ac6.mcu.externaltools.arm-none.win32_1.17.0.201812190825/tools/compiler/bin/../lib/gcc/arm-none-eabi/7.3.1/../../../../arm-none-eabi/lib/thumb/v7-m\libc.a(lib_a-init.o)
                0x08001f50                __libc_init_array
 .text.startup.register_fini
                0x08001f98       0x14 f:/systemworkbench/plugins/fr.ac6.mcu.externaltools.arm-none.win32_1.17.0.201812190825/tools/compiler/bin/../lib/gcc/arm-none-eabi/7.3.1/../../../../arm-none-eabi/lib/thumb/v7-m\libc.a(lib_a-__call_atexit.o)
 .text.atexit   0x08001fac        0xc f:/systemworkbench/plugins/fr.ac6.mcu.externaltools.arm-none.win32_1.17.0.201812190825/tools/compiler/bin/../lib/gcc/arm-none-eabi/7.3.1/../../../../arm-none-eabi/lib/thumb/v7-m\libc.a(lib_a-atexit.o)
                0x08001fac                atexit
 .text.__libc_fini_array
                0x08001fb8       0x34 f:/systemworkbench/plugins/fr.ac6.mcu.externaltools.arm-none.win32_1.17.0.201812190825/tools/compiler/bin/../lib/gcc/arm-none-eabi/7.3.1/../../../../arm-none-eabi/lib/thumb/v7-m\libc.a(lib_a-fini.o)
                0x08001fb8                __libc_fini_array
 .text.__retarget_lock_acquire_recursive
                0x08001fec        0x4 f:/systemworkbench/plugins/fr.ac6.mcu.externaltools.arm-none.win32_1.17.0.201812190825/tools/compiler/bin/../lib/gcc/arm-none-eabi/7.3.1/../../../../arm-none-eabi/lib/thumb/v7-m\libc.a(lib_a-lock.o)
                0x08001fec                __retarget_lock_acquire_recursive
 .text.__retarget_lock_release_recursive
                0x08001ff0        0x4 f:/systemworkbench/plugins/fr.ac6.mcu.externaltools.arm-none.win32_1.17.0.201812190825/tools/compiler/bin/../lib/gcc/arm-none-eabi/7.3.1/../../../../arm-none-eabi/lib/thumb/v7-m\libc.a(lib_a-lock.o)
                0x08001ff0                __retarget_lock_release_recursive
 .text.__register_exitproc
                0x08001ff4       0xc0 f:/systemworkbench/plugins/fr.ac6.mcu.externaltools.arm-none.win32_1.17.0.201812190825/tools/compiler/bin/../lib/gcc/arm-none-eabi/7.3.1/../../../../arm-none-eabi/lib/thumb/v7-m\libc.a(lib_a-__atexit.o)
                0x08001ff4                __register_exitproc
 *(.glue_7)
 .glue_7        0x080020b4        0x0 linker stubs
 *(.glue_7t)
 .glue_7t       0x080020b4        0x0 linker stubs
 *(.eh_frame)
 .eh_frame      0x080020b4        0x0 f:/systemworkbench/plugins/fr.ac6.mcu.externaltools.arm-none.win32_1.17.0.201812190825/tools/compiler/bin/../lib/gcc/arm-none-eabi/7.3.1/thumb/v7-m/crtbegin.o
 *(.init)
 .init          0x080020b4        0x4 f:/systemworkbench/plugins/fr.ac6.mcu.externaltools.arm-none.win32_1.17.0.201812190825/tools/compiler/bin/../lib/gcc/arm-none-eabi/7.3.1/thumb/v7-m/crti.o
                0x080020b4                _init
 .init          0x080020b8        0x8 f:/systemworkbench/plugins/fr.ac6.mcu.externaltools.arm-none.win32_1.17.0.201812190825/tools/compiler/bin/../lib/gcc/arm-none-eabi/7.3.1/thumb/v7-m/crtn.o
 *(.fini)
 .fini          0x080020c0        0x4 f:/systemworkbench/plugins/fr.ac6.mcu.externaltools.arm-none.win32_1.17.0.201812190825/tools/compiler/bin/../lib/gcc/arm-none-eabi/7.3.1/thumb/v7-m/crti.o
                0x080020c0                _fini
 .fini          0x080020c4        0x8 f:/systemworkbench/plugins/fr.ac6.mcu.externaltools.arm-none.win32_1.17.0.201812190825/tools/compiler/bin/../lib/gcc/arm-none-eabi/7.3.1/thumb/v7-m/crtn.o
                0x080020cc                . = ALIGN (0x4)
                0x080020cc                _etext = .

.vfp11_veneer   0x080020cc        0x0
 .vfp11_veneer  0x080020cc        0x0 linker stubs

.v4_bx          0x080020cc        0x0
 .v4_bx         0x080020cc        0x0 linker stubs

.iplt           0x080020cc        0x0
 .iplt          0x080020cc        0x0 f:/systemworkbench/plugins/fr.ac6.mcu.externaltools.arm-none.win32_1.17.0.201812190825/tools/compiler/bin/../lib/gcc/arm-none-eabi/7.3.1/thumb/v7-m/crtbegin.o

.rodata         0x080020cc        0xc
                0x080020cc                . = ALIGN (0x4)
 *(.rodata)
 .rodata        0x080020cc        0x8 src/main.o
 *(.rodata*)
 .rodata._global_impure_ptr
                0x080020d4        0x4 f:/systemworkbench/plugins/fr.ac6.mcu.externaltools.arm-none.win32_1.17.0.201812190825/tools/compiler/bin/../lib/gcc/arm-none-eabi/7.3.1/../../../../arm-none-eabi/lib/thumb/v7-m\libc.a(lib_a-impure.o)
                0x080020d4                _global_impure_ptr
                0x080020d8                . = ALIGN (0x4)

.rel.dyn        0x080020d8        0x0
 .rel.iplt      0x080020d8        0x0 f:/systemworkbench/plugins/fr.ac6.mcu.externaltools.arm-none.win32_1.17.0.201812190825/tools/compiler/bin/../lib/gcc/arm-none-eabi/7.3.1/thumb/v7-m/crtbegin.o

.ARM.extab      0x080020d8        0x0
                0x080020d8                . = ALIGN (0x4)
 *(.ARM.extab* .gnu.linkonce.armextab.*)
                0x080020d8                . = ALIGN (0x4)

.ARM            0x080020d8        0x0
                0x080020d8                . = ALIGN (0x4)
                0x080020d8                __exidx_start = .
 *(.ARM.exidx*)
                0x080020d8                __exidx_end = .
                0x080020d8                . = ALIGN (0x4)

.preinit_array  0x080020d8        0x0
                0x080020d8                . = ALIGN (0x4)
                0x080020d8                PROVIDE (__preinit_array_start = .)
 *(.preinit_array*)
                0x080020d8                PROVIDE (__preinit_array_end = .)
                0x080020d8                . = ALIGN (0x4)

.init_array     0x080020d8        0x8
                0x080020d8                . = ALIGN (0x4)
                0x080020d8                PROVIDE (__init_array_start = .)
 *(SORT_BY_NAME(.init_array.*))
 .init_array.00000
                0x080020d8        0x4 f:/systemworkbench/plugins/fr.ac6.mcu.externaltools.arm-none.win32_1.17.0.201812190825/tools/compiler/bin/../lib/gcc/arm-none-eabi/7.3.1/../../../../arm-none-eabi/lib/thumb/v7-m\libc.a(lib_a-__call_atexit.o)
 *(.init_array*)
 .init_array    0x080020dc        0x4 f:/systemworkbench/plugins/fr.ac6.mcu.externaltools.arm-none.win32_1.17.0.201812190825/tools/compiler/bin/../lib/gcc/arm-none-eabi/7.3.1/thumb/v7-m/crtbegin.o
                0x080020e0                PROVIDE (__init_array_end = .)
                0x080020e0                . = ALIGN (0x4)

.fini_array     0x080020e0        0x4
                0x080020e0                . = ALIGN (0x4)
                0x080020e0                PROVIDE (__fini_array_start = .)
 *(SORT_BY_NAME(.fini_array.*))
 *(.fini_array*)
 .fini_array    0x080020e0        0x4 f:/systemworkbench/plugins/fr.ac6.mcu.externaltools.arm-none.win32_1.17.0.201812190825/tools/compiler/bin/../lib/gcc/arm-none-eabi/7.3.1/thumb/v7-m/crtbegin.o
                0x080020e4                PROVIDE (__fini_array_end = .)
                0x080020e4                . = ALIGN (0x4)
                0x080020e4                _sidata = LOADADDR (.data)

.data           0x20000000      0x49c load address 0x080020e4
                0x20000000                . = ALIGN (0x4)
                0x20000000                _sdata = .
 *(.data)
 .data          0x20000000       0x14 StdPeriph_Driver/src/stm32f10x_rcc.o
 .data          0x20000014       0x4c src/init/USART_init.o
                0x20000014                wsk_rx
                0x20000018                RX_buf
                0x2000001c                TX_buf
                0x20000020                DMA_TX_buf
 .data          0x20000060        0x8 src/init/engine.o
                0x20000060                direction
 .data          0x20000068        0x8 src/init/stm32f10x_it.o
                0x20000068                engine_pins
 *(.data*)
 .data.impure_data
                0x20000070      0x428 f:/systemworkbench/plugins/fr.ac6.mcu.externaltools.arm-none.win32_1.17.0.201812190825/tools/compiler/bin/../lib/gcc/arm-none-eabi/7.3.1/../../../../arm-none-eabi/lib/thumb/v7-m\libc.a(lib_a-impure.o)
 .data.__atexit_recursive_mutex
                0x20000498        0x4 f:/systemworkbench/plugins/fr.ac6.mcu.externaltools.arm-none.win32_1.17.0.201812190825/tools/compiler/bin/../lib/gcc/arm-none-eabi/7.3.1/../../../../arm-none-eabi/lib/thumb/v7-m\libc.a(lib_a-__call_atexit.o)
                0x20000498                __atexit_recursive_mutex
                0x2000049c                . = ALIGN (0x4)
                0x2000049c                _edata = .

.igot.plt       0x2000049c        0x0 load address 0x08002580
 .igot.plt      0x2000049c        0x0 f:/systemworkbench/plugins/fr.ac6.mcu.externaltools.arm-none.win32_1.17.0.201812190825/tools/compiler/bin/../lib/gcc/arm-none-eabi/7.3.1/thumb/v7-m/crtbegin.o
                0x2000049c                . = ALIGN (0x4)

.bss            0x2000049c      0x150 load address 0x08002580
                0x2000049c                _sbss = .
                0x2000049c                __bss_start__ = _sbss
 *(.bss)
 .bss           0x2000049c       0x1c f:/systemworkbench/plugins/fr.ac6.mcu.externaltools.arm-none.win32_1.17.0.201812190825/tools/compiler/bin/../lib/gcc/arm-none-eabi/7.3.1/thumb/v7-m/crtbegin.o
 .bss           0x200004b8        0xc src/init/stm32f10x_it.o
                0x200004b8                data_position
                0x200004b9                data_cnt
 *(.bss*)
 *(COMMON)
 COMMON         0x200004c4        0x2 src/init/GPIO.o
                0x200004c4                servo_dir
                0x200004c5                servo_status
 *fill*         0x200004c6        0x2 
 COMMON         0x200004c8       0x27 src/init/TIMERS_init.o
                0x200004c8                command_recived
                0x200004cc                command
                0x200004d0                engines
                0x200004e8                sys_tims
                0x200004ee                value
 *fill*         0x200004ef        0x1 
 COMMON         0x200004f0       0xd8 src/init/USART_init.o
                0x200004f0                bufor_tx
                0x20000538                bufor_rx
                0x20000580                dma_bufor_rx
 COMMON         0x200005c8       0x21 f:/systemworkbench/plugins/fr.ac6.mcu.externaltools.arm-none.win32_1.17.0.201812190825/tools/compiler/bin/../lib/gcc/arm-none-eabi/7.3.1/../../../../arm-none-eabi/lib/thumb/v7-m\libc.a(lib_a-lock.o)
                0x200005c8                __lock___atexit_recursive_mutex
                0x200005cc                __lock___arc4random_mutex
                0x200005d0                __lock___env_recursive_mutex
                0x200005d4                __lock___sinit_recursive_mutex
                0x200005d8                __lock___malloc_recursive_mutex
                0x200005dc                __lock___at_quick_exit_mutex
                0x200005e0                __lock___dd_hash_mutex
                0x200005e4                __lock___tz_mutex
                0x200005e8                __lock___sfp_recursive_mutex
                0x200005ec                . = ALIGN (0x4)
 *fill*         0x200005e9        0x3 
                0x200005ec                _ebss = .
                0x200005ec                __bss_end__ = _ebss

._user_heap_stack
                0x200005ec      0x404 load address 0x08002580
                0x200005f0                . = ALIGN (0x8)
 *fill*         0x200005ec        0x4 
                0x200005f0                PROVIDE (end = .)
                [!provide]                PROVIDE (_end = .)
                0x200005f0                . = (. + _Min_Heap_Size)
                0x200009f0                . = (. + _Min_Stack_Size)
 *fill*         0x200005f0      0x400 
                0x200009f0                . = ALIGN (0x8)

/DISCARD/
 libc.a(*)
 libm.a(*)
 libgcc.a(*)

.ARM.attributes
                0x00000000       0x29
 *(.ARM.attributes)
 .ARM.attributes
                0x00000000       0x1d f:/systemworkbench/plugins/fr.ac6.mcu.externaltools.arm-none.win32_1.17.0.201812190825/tools/compiler/bin/../lib/gcc/arm-none-eabi/7.3.1/thumb/v7-m/crti.o
 .ARM.attributes
                0x0000001d       0x2d f:/systemworkbench/plugins/fr.ac6.mcu.externaltools.arm-none.win32_1.17.0.201812190825/tools/compiler/bin/../lib/gcc/arm-none-eabi/7.3.1/thumb/v7-m/crtbegin.o
 .ARM.attributes
                0x0000004a       0x33 StdPeriph_Driver/src/misc.o
 .ARM.attributes
                0x0000007d       0x33 StdPeriph_Driver/src/stm32f10x_dma.o
 .ARM.attributes
                0x000000b0       0x33 StdPeriph_Driver/src/stm32f10x_exti.o
 .ARM.attributes
                0x000000e3       0x33 StdPeriph_Driver/src/stm32f10x_flash.o
 .ARM.attributes
                0x00000116       0x33 StdPeriph_Driver/src/stm32f10x_gpio.o
 .ARM.attributes
                0x00000149       0x33 StdPeriph_Driver/src/stm32f10x_rcc.o
 .ARM.attributes
                0x0000017c       0x33 StdPeriph_Driver/src/stm32f10x_tim.o
 .ARM.attributes
                0x000001af       0x33 StdPeriph_Driver/src/stm32f10x_usart.o
 .ARM.attributes
                0x000001e2       0x33 src/init/GPIO.o
 .ARM.attributes
                0x00000215       0x33 src/init/NVIC_init.o
 .ARM.attributes
                0x00000248       0x33 src/init/RCC_init.o
 .ARM.attributes
                0x0000027b       0x33 src/init/TIMERS_init.o
 .ARM.attributes
                0x000002ae       0x33 src/init/USART_init.o
 .ARM.attributes
                0x000002e1       0x33 src/init/engine.o
 .ARM.attributes
                0x00000314       0x33 src/init/stm32f10x_it.o
 .ARM.attributes
                0x00000347       0x33 src/main.o
 .ARM.attributes
                0x0000037a       0x33 src/system_stm32f10x.o
 .ARM.attributes
                0x000003ad       0x21 startup/startup_stm32.o
 .ARM.attributes
                0x000003ce       0x2d f:/systemworkbench/plugins/fr.ac6.mcu.externaltools.arm-none.win32_1.17.0.201812190825/tools/compiler/bin/../lib/gcc/arm-none-eabi/7.3.1/../../../../arm-none-eabi/lib/thumb/v7-m\libc.a(lib_a-impure.o)
 .ARM.attributes
                0x000003fb       0x2d f:/systemworkbench/plugins/fr.ac6.mcu.externaltools.arm-none.win32_1.17.0.201812190825/tools/compiler/bin/../lib/gcc/arm-none-eabi/7.3.1/../../../../arm-none-eabi/lib/thumb/v7-m\libc.a(lib_a-init.o)
 .ARM.attributes
                0x00000428       0x2d f:/systemworkbench/plugins/fr.ac6.mcu.externaltools.arm-none.win32_1.17.0.201812190825/tools/compiler/bin/../lib/gcc/arm-none-eabi/7.3.1/../../../../arm-none-eabi/lib/thumb/v7-m\libc.a(lib_a-__call_atexit.o)
 .ARM.attributes
                0x00000455       0x2d f:/systemworkbench/plugins/fr.ac6.mcu.externaltools.arm-none.win32_1.17.0.201812190825/tools/compiler/bin/../lib/gcc/arm-none-eabi/7.3.1/../../../../arm-none-eabi/lib/thumb/v7-m\libc.a(lib_a-atexit.o)
 .ARM.attributes
                0x00000482       0x2d f:/systemworkbench/plugins/fr.ac6.mcu.externaltools.arm-none.win32_1.17.0.201812190825/tools/compiler/bin/../lib/gcc/arm-none-eabi/7.3.1/../../../../arm-none-eabi/lib/thumb/v7-m\libc.a(lib_a-fini.o)
 .ARM.attributes
                0x000004af       0x2d f:/systemworkbench/plugins/fr.ac6.mcu.externaltools.arm-none.win32_1.17.0.201812190825/tools/compiler/bin/../lib/gcc/arm-none-eabi/7.3.1/../../../../arm-none-eabi/lib/thumb/v7-m\libc.a(lib_a-lock.o)
 .ARM.attributes
                0x000004dc       0x2d f:/systemworkbench/plugins/fr.ac6.mcu.externaltools.arm-none.win32_1.17.0.201812190825/tools/compiler/bin/../lib/gcc/arm-none-eabi/7.3.1/../../../../arm-none-eabi/lib/thumb/v7-m\libc.a(lib_a-__atexit.o)
 .ARM.attributes
                0x00000509       0x1d f:/systemworkbench/plugins/fr.ac6.mcu.externaltools.arm-none.win32_1.17.0.201812190825/tools/compiler/bin/../lib/gcc/arm-none-eabi/7.3.1/thumb/v7-m/crtn.o
OUTPUT(stmf103c8.elf elf32-littlearm)

.comment        0x00000000       0x7f
 .comment       0x00000000       0x7f StdPeriph_Driver/src/misc.o
                                 0x80 (size before relaxing)
 .comment       0x0000007f       0x80 StdPeriph_Driver/src/stm32f10x_dma.o
 .comment       0x0000007f       0x80 StdPeriph_Driver/src/stm32f10x_exti.o
 .comment       0x0000007f       0x80 StdPeriph_Driver/src/stm32f10x_flash.o
 .comment       0x0000007f       0x80 StdPeriph_Driver/src/stm32f10x_gpio.o
 .comment       0x0000007f       0x80 StdPeriph_Driver/src/stm32f10x_rcc.o
 .comment       0x0000007f       0x80 StdPeriph_Driver/src/stm32f10x_tim.o
 .comment       0x0000007f       0x80 StdPeriph_Driver/src/stm32f10x_usart.o
 .comment       0x0000007f       0x80 src/init/GPIO.o
 .comment       0x0000007f       0x80 src/init/NVIC_init.o
 .comment       0x0000007f       0x80 src/init/RCC_init.o
 .comment       0x0000007f       0x80 src/init/TIMERS_init.o
 .comment       0x0000007f       0x80 src/init/USART_init.o
 .comment       0x0000007f       0x80 src/init/engine.o
 .comment       0x0000007f       0x80 src/init/stm32f10x_it.o
 .comment       0x0000007f       0x80 src/main.o
 .comment       0x0000007f       0x80 src/system_stm32f10x.o

.debug_frame    0x00000000      0x1c0
 .debug_frame   0x00000000       0x2c f:/systemworkbench/plugins/fr.ac6.mcu.externaltools.arm-none.win32_1.17.0.201812190825/tools/compiler/bin/../lib/gcc/arm-none-eabi/7.3.1/../../../../arm-none-eabi/lib/thumb/v7-m\libc.a(lib_a-init.o)
 .debug_frame   0x0000002c       0x5c f:/systemworkbench/plugins/fr.ac6.mcu.externaltools.arm-none.win32_1.17.0.201812190825/tools/compiler/bin/../lib/gcc/arm-none-eabi/7.3.1/../../../../arm-none-eabi/lib/thumb/v7-m\libc.a(lib_a-__call_atexit.o)
 .debug_frame   0x00000088       0x20 f:/systemworkbench/plugins/fr.ac6.mcu.externaltools.arm-none.win32_1.17.0.201812190825/tools/compiler/bin/../lib/gcc/arm-none-eabi/7.3.1/../../../../arm-none-eabi/lib/thumb/v7-m\libc.a(lib_a-atexit.o)
 .debug_frame   0x000000a8       0x34 f:/systemworkbench/plugins/fr.ac6.mcu.externaltools.arm-none.win32_1.17.0.201812190825/tools/compiler/bin/../lib/gcc/arm-none-eabi/7.3.1/../../../../arm-none-eabi/lib/thumb/v7-m\libc.a(lib_a-fini.o)
 .debug_frame   0x000000dc       0xb0 f:/systemworkbench/plugins/fr.ac6.mcu.externaltools.arm-none.win32_1.17.0.201812190825/tools/compiler/bin/../lib/gcc/arm-none-eabi/7.3.1/../../../../arm-none-eabi/lib/thumb/v7-m\libc.a(lib_a-lock.o)
 .debug_frame   0x0000018c       0x34 f:/systemworkbench/plugins/fr.ac6.mcu.externaltools.arm-none.win32_1.17.0.201812190825/tools/compiler/bin/../lib/gcc/arm-none-eabi/7.3.1/../../../../arm-none-eabi/lib/thumb/v7-m\libc.a(lib_a-__atexit.o)
