Archive member included to satisfy reference by file (symbol)

f:/systemworkbench/plugins/fr.ac6.mcu.externaltools.arm-none.win32_1.17.0.201812190825/tools/compiler/bin/../lib/gcc/arm-none-eabi/7.3.1/../../../../arm-none-eabi/lib/thumb/v7-m\libc.a(lib_a-errno.o)
                              src/syscalls.o (__errno)
f:/systemworkbench/plugins/fr.ac6.mcu.externaltools.arm-none.win32_1.17.0.201812190825/tools/compiler/bin/../lib/gcc/arm-none-eabi/7.3.1/../../../../arm-none-eabi/lib/thumb/v7-m\libc.a(lib_a-exit.o)
                              f:/systemworkbench/plugins/fr.ac6.mcu.externaltools.arm-none.win32_1.17.0.201812190825/tools/compiler/bin/../lib/gcc/arm-none-eabi/7.3.1/../../../../arm-none-eabi/lib/thumb/v7-m/crt0.o (exit)
f:/systemworkbench/plugins/fr.ac6.mcu.externaltools.arm-none.win32_1.17.0.201812190825/tools/compiler/bin/../lib/gcc/arm-none-eabi/7.3.1/../../../../arm-none-eabi/lib/thumb/v7-m\libc.a(lib_a-impure.o)
                              f:/systemworkbench/plugins/fr.ac6.mcu.externaltools.arm-none.win32_1.17.0.201812190825/tools/compiler/bin/../lib/gcc/arm-none-eabi/7.3.1/../../../../arm-none-eabi/lib/thumb/v7-m\libc.a(lib_a-exit.o) (_global_impure_ptr)
f:/systemworkbench/plugins/fr.ac6.mcu.externaltools.arm-none.win32_1.17.0.201812190825/tools/compiler/bin/../lib/gcc/arm-none-eabi/7.3.1/../../../../arm-none-eabi/lib/thumb/v7-m\libc.a(lib_a-init.o)
                              f:/systemworkbench/plugins/fr.ac6.mcu.externaltools.arm-none.win32_1.17.0.201812190825/tools/compiler/bin/../lib/gcc/arm-none-eabi/7.3.1/../../../../arm-none-eabi/lib/thumb/v7-m/crt0.o (__libc_init_array)
f:/systemworkbench/plugins/fr.ac6.mcu.externaltools.arm-none.win32_1.17.0.201812190825/tools/compiler/bin/../lib/gcc/arm-none-eabi/7.3.1/../../../../arm-none-eabi/lib/thumb/v7-m\libc.a(lib_a-memset.o)
                              f:/systemworkbench/plugins/fr.ac6.mcu.externaltools.arm-none.win32_1.17.0.201812190825/tools/compiler/bin/../lib/gcc/arm-none-eabi/7.3.1/../../../../arm-none-eabi/lib/thumb/v7-m/crt0.o (memset)
f:/systemworkbench/plugins/fr.ac6.mcu.externaltools.arm-none.win32_1.17.0.201812190825/tools/compiler/bin/../lib/gcc/arm-none-eabi/7.3.1/../../../../arm-none-eabi/lib/thumb/v7-m\libc.a(lib_a-strlen-stub.o)
                              src/init/USART_init.o (strlen)
f:/systemworkbench/plugins/fr.ac6.mcu.externaltools.arm-none.win32_1.17.0.201812190825/tools/compiler/bin/../lib/gcc/arm-none-eabi/7.3.1/../../../../arm-none-eabi/lib/thumb/v7-m\libc.a(lib_a-__call_atexit.o)
                              f:/systemworkbench/plugins/fr.ac6.mcu.externaltools.arm-none.win32_1.17.0.201812190825/tools/compiler/bin/../lib/gcc/arm-none-eabi/7.3.1/../../../../arm-none-eabi/lib/thumb/v7-m\libc.a(lib_a-exit.o) (__call_exitprocs)
f:/systemworkbench/plugins/fr.ac6.mcu.externaltools.arm-none.win32_1.17.0.201812190825/tools/compiler/bin/../lib/gcc/arm-none-eabi/7.3.1/../../../../arm-none-eabi/lib/thumb/v7-m\libc.a(lib_a-atexit.o)
                              f:/systemworkbench/plugins/fr.ac6.mcu.externaltools.arm-none.win32_1.17.0.201812190825/tools/compiler/bin/../lib/gcc/arm-none-eabi/7.3.1/../../../../arm-none-eabi/lib/thumb/v7-m\libc.a(lib_a-__call_atexit.o) (atexit)
f:/systemworkbench/plugins/fr.ac6.mcu.externaltools.arm-none.win32_1.17.0.201812190825/tools/compiler/bin/../lib/gcc/arm-none-eabi/7.3.1/../../../../arm-none-eabi/lib/thumb/v7-m\libc.a(lib_a-fini.o)
                              f:/systemworkbench/plugins/fr.ac6.mcu.externaltools.arm-none.win32_1.17.0.201812190825/tools/compiler/bin/../lib/gcc/arm-none-eabi/7.3.1/../../../../arm-none-eabi/lib/thumb/v7-m\libc.a(lib_a-__call_atexit.o) (__libc_fini_array)
f:/systemworkbench/plugins/fr.ac6.mcu.externaltools.arm-none.win32_1.17.0.201812190825/tools/compiler/bin/../lib/gcc/arm-none-eabi/7.3.1/../../../../arm-none-eabi/lib/thumb/v7-m\libc.a(lib_a-lock.o)
                              f:/systemworkbench/plugins/fr.ac6.mcu.externaltools.arm-none.win32_1.17.0.201812190825/tools/compiler/bin/../lib/gcc/arm-none-eabi/7.3.1/../../../../arm-none-eabi/lib/thumb/v7-m\libc.a(lib_a-__call_atexit.o) (__retarget_lock_acquire_recursive)
f:/systemworkbench/plugins/fr.ac6.mcu.externaltools.arm-none.win32_1.17.0.201812190825/tools/compiler/bin/../lib/gcc/arm-none-eabi/7.3.1/../../../../arm-none-eabi/lib/thumb/v7-m\libc.a(lib_a-__atexit.o)
                              f:/systemworkbench/plugins/fr.ac6.mcu.externaltools.arm-none.win32_1.17.0.201812190825/tools/compiler/bin/../lib/gcc/arm-none-eabi/7.3.1/../../../../arm-none-eabi/lib/thumb/v7-m\libc.a(lib_a-atexit.o) (__register_exitproc)

Allocating common symbols
Common symbol       size              file

__lock___atexit_recursive_mutex
                    0x1               f:/systemworkbench/plugins/fr.ac6.mcu.externaltools.arm-none.win32_1.17.0.201812190825/tools/compiler/bin/../lib/gcc/arm-none-eabi/7.3.1/../../../../arm-none-eabi/lib/thumb/v7-m\libc.a(lib_a-lock.o)
[...]
Memory Configuration

Name             Origin             Length             Attributes
RAM              0x20000000         0x00005000         xrw
ROM              0x08000000         0x00010000         xr
*default*        0x00000000         0xffffffff

Linker script and memory map

LOAD f:/systemworkbench/plugins/fr.ac6.mcu.externaltools.arm-none.win32_1.17.0.201812190825/tools/compiler/bin/../lib/gcc/arm-none-eabi/7.3.1/thumb/v7-m/crti.o
LOAD f:/systemworkbench/plugins/fr.ac6.mcu.externaltools.arm-none.win32_1.17.0.201812190825/tools/compiler/bin/../lib/gcc/arm-none-eabi/7.3.1/thumb/v7-m/crtbegin.o
LOAD f:/systemworkbench/plugins/fr.ac6.mcu.externaltools.arm-none.win32_1.17.0.201812190825/tools/compiler/bin/../lib/gcc/arm-none-eabi/7.3.1/../../../../arm-none-eabi/lib/thumb/v7-m/crt0.o
LOAD CMSIS/core/core_cm3.o
LOAD StdPeriph_Driver/src/misc.o
LOAD StdPeriph_Driver/src/stm32f10x_adc.o
LOAD StdPeriph_Driver/src/stm32f10x_bkp.o
LOAD StdPeriph_Driver/src/stm32f10x_can.o
LOAD StdPeriph_Driver/src/stm32f10x_cec.o
LOAD StdPeriph_Driver/src/stm32f10x_crc.o
LOAD StdPeriph_Driver/src/stm32f10x_dac.o
LOAD StdPeriph_Driver/src/stm32f10x_dbgmcu.o
LOAD StdPeriph_Driver/src/stm32f10x_dma.o
LOAD StdPeriph_Driver/src/stm32f10x_exti.o
LOAD StdPeriph_Driver/src/stm32f10x_flash.o
LOAD StdPeriph_Driver/src/stm32f10x_fsmc.o
LOAD StdPeriph_Driver/src/stm32f10x_gpio.o
LOAD StdPeriph_Driver/src/stm32f10x_i2c.o
LOAD StdPeriph_Driver/src/stm32f10x_iwdg.o
LOAD StdPeriph_Driver/src/stm32f10x_pwr.o
LOAD StdPeriph_Driver/src/stm32f10x_rcc.o
LOAD StdPeriph_Driver/src/stm32f10x_rtc.o
LOAD StdPeriph_Driver/src/stm32f10x_sdio.o
LOAD StdPeriph_Driver/src/stm32f10x_spi.o
LOAD StdPeriph_Driver/src/stm32f10x_tim.o
LOAD StdPeriph_Driver/src/stm32f10x_usart.o
LOAD StdPeriph_Driver/src/stm32f10x_wwdg.o
LOAD src/init/GPIO.o
LOAD src/init/NVIC_init.o
LOAD src/init/RCC_init.o
LOAD src/init/TIMERS_init.o
LOAD src/init/USART_init.o
LOAD src/init/engine.o
LOAD src/init/stm32f10x_it.o
LOAD src/main.o
LOAD src/syscalls.o
LOAD src/system_stm32f10x.o
LOAD startup/startup_stm32.o
LOAD f:/systemworkbench/plugins/fr.ac6.mcu.externaltools.arm-none.win32_1.17.0.201812190825/tools/compiler/bin/../lib/gcc/arm-none-eabi/7.3.1/../../../../arm-none-eabi/lib/thumb/v7-m\libm.a
START GROUP
LOAD f:/systemworkbench/plugins/fr.ac6.mcu.externaltools.arm-none.win32_1.17.0.201812190825/tools/compiler/bin/../lib/gcc/arm-none-eabi/7.3.1/thumb/v7-m\libgcc.a
LOAD f:/systemworkbench/plugins/fr.ac6.mcu.externaltools.arm-none.win32_1.17.0.201812190825/tools/compiler/bin/../lib/gcc/arm-none-eabi/7.3.1/../../../../arm-none-eabi/lib/thumb/v7-m\libc.a
END GROUP
LOAD f:/systemworkbench/plugins/fr.ac6.mcu.externaltools.arm-none.win32_1.17.0.201812190825/tools/compiler/bin/../lib/gcc/arm-none-eabi/7.3.1/thumb/v7-m/crtend.o
LOAD f:/systemworkbench/plugins/fr.ac6.mcu.externaltools.arm-none.win32_1.17.0.201812190825/tools/compiler/bin/../lib/gcc/arm-none-eabi/7.3.1/thumb/v7-m/crtn.o
                0x20005000                _estack = 0x20005000
                0x00000000                _Min_Heap_Size = 0x0
                0x00000400                _Min_Stack_Size = 0x400

.isr_vector     0x08000000      0x130
                0x08000000                . = ALIGN (0x4)
 *(.isr_vector)
 .isr_vector    0x08000000      0x130 startup/startup_stm32.o
                0x08000000                g_pfnVectors
                0x08000130                . = ALIGN (0x4)

.text           0x08000130     0x1fa4
                0x08000130                . = ALIGN (0x4)
 *(.text)
 .text          0x08000130       0x40 f:/systemworkbench/plugins/fr.ac6.mcu.externaltools.arm-none.win32_1.17.0.201812190825/tools/compiler/bin/../lib/gcc/arm-none-eabi/7.3.1/thumb/v7-m/crtbegin.o
 *(.text*)
 .text.NVIC_PriorityGroupConfig
                0x08000170       0x24 StdPeriph_Driver/src/misc.o
                0x08000170                NVIC_PriorityGroupConfig
 .text.NVIC_Init
                0x08000194       0xc4 StdPeriph_Driver/src/misc.o
                0x08000194                NVIC_Init
 .text.NVIC_SetVectorTable
                0x08000258       0x2c StdPeriph_Driver/src/misc.o
                0x08000258                NVIC_SetVectorTable
 .text.SysTick_CLKSourceConfig
                0x08000284       0x38 StdPeriph_Driver/src/misc.o
                0x08000284                SysTick_CLKSourceConfig
 .text.DMA_DeInit
                0x080002bc      0x178 StdPeriph_Driver/src/stm32f10x_dma.o
                0x080002bc                DMA_DeInit
 .text.DMA_Init
                0x08000434       0x7c StdPeriph_Driver/src/stm32f10x_dma.o
                0x08000434                DMA_Init
 .text.DMA_Cmd  0x080004b0       0x38 StdPeriph_Driver/src/stm32f10x_dma.o
                0x080004b0                DMA_Cmd
 .text.DMA_ITConfig
                0x080004e8       0x3a StdPeriph_Driver/src/stm32f10x_dma.o
                0x080004e8                DMA_ITConfig
 .text.DMA_SetCurrDataCounter
                0x08000522       0x1c StdPeriph_Driver/src/stm32f10x_dma.o
                0x08000522                DMA_SetCurrDataCounter
 *fill*         0x0800053e        0x2 
 .text.DMA_ClearFlag
                0x08000540       0x34 StdPeriph_Driver/src/stm32f10x_dma.o
                0x08000540                DMA_ClearFlag
 .text.DMA_ClearITPendingBit
                0x08000574       0x34 StdPeriph_Driver/src/stm32f10x_dma.o
                0x08000574                DMA_ClearITPendingBit
 .text.EXTI_Init
                0x080005a8       0xe4 StdPeriph_Driver/src/stm32f10x_exti.o
                0x080005a8                EXTI_Init
 .text.EXTI_ClearITPendingBit
                0x0800068c       0x1c StdPeriph_Driver/src/stm32f10x_exti.o
                0x0800068c                EXTI_ClearITPendingBit
 .text.FLASH_SetLatency
                0x080006a8       0x38 StdPeriph_Driver/src/stm32f10x_flash.o
                0x080006a8                FLASH_SetLatency
 .text.FLASH_PrefetchBufferCmd
                0x080006e0       0x30 StdPeriph_Driver/src/stm32f10x_flash.o
                0x080006e0                FLASH_PrefetchBufferCmd
 .text.GPIO_Init
                0x08000710      0x178 StdPeriph_Driver/src/stm32f10x_gpio.o
                0x08000710                GPIO_Init
 .text.GPIO_SetBits
                0x08000888       0x1c StdPeriph_Driver/src/stm32f10x_gpio.o
                0x08000888                GPIO_SetBits
 .text.GPIO_ResetBits
                0x080008a4       0x1c StdPeriph_Driver/src/stm32f10x_gpio.o
                0x080008a4                GPIO_ResetBits
 .text.GPIO_WriteBit
                0x080008c0       0x2e StdPeriph_Driver/src/stm32f10x_gpio.o
                0x080008c0                GPIO_WriteBit
 *fill*         0x080008ee        0x2 
 .text.RCC_DeInit
                0x080008f0       0x5c StdPeriph_Driver/src/stm32f10x_rcc.o
                0x080008f0                RCC_DeInit
 .text.RCC_HSEConfig
                0x0800094c       0x5c StdPeriph_Driver/src/stm32f10x_rcc.o
                0x0800094c                RCC_HSEConfig
 .text.RCC_WaitForHSEStartUp
                0x080009a8       0x50 StdPeriph_Driver/src/stm32f10x_rcc.o
                0x080009a8                RCC_WaitForHSEStartUp
 .text.RCC_PLLConfig
                0x080009f8       0x3c StdPeriph_Driver/src/stm32f10x_rcc.o
                0x080009f8                RCC_PLLConfig
 .text.RCC_PLLCmd
                0x08000a34       0x20 StdPeriph_Driver/src/stm32f10x_rcc.o
                0x08000a34                RCC_PLLCmd
 .text.RCC_SYSCLKConfig
                0x08000a54       0x38 StdPeriph_Driver/src/stm32f10x_rcc.o
                0x08000a54                RCC_SYSCLKConfig
 .text.RCC_GetSYSCLKSource
                0x08000a8c       0x1c StdPeriph_Driver/src/stm32f10x_rcc.o
                0x08000a8c                RCC_GetSYSCLKSource
 .text.RCC_HCLKConfig
                0x08000aa8       0x38 StdPeriph_Driver/src/stm32f10x_rcc.o
                0x08000aa8                RCC_HCLKConfig
 .text.RCC_PCLK1Config
                0x08000ae0       0x38 StdPeriph_Driver/src/stm32f10x_rcc.o
                0x08000ae0                RCC_PCLK1Config
 .text.RCC_PCLK2Config
                0x08000b18       0x38 StdPeriph_Driver/src/stm32f10x_rcc.o
                0x08000b18                RCC_PCLK2Config
 .text.RCC_GetClocksFreq
                0x08000b50      0x160 StdPeriph_Driver/src/stm32f10x_rcc.o
                0x08000b50                RCC_GetClocksFreq
 .text.RCC_AHBPeriphClockCmd
                0x08000cb0       0x3c StdPeriph_Driver/src/stm32f10x_rcc.o
                0x08000cb0                RCC_AHBPeriphClockCmd
 .text.RCC_APB2PeriphClockCmd
                0x08000cec       0x3c StdPeriph_Driver/src/stm32f10x_rcc.o
                0x08000cec                RCC_APB2PeriphClockCmd
 .text.RCC_GetFlagStatus
                0x08000d28       0x74 StdPeriph_Driver/src/stm32f10x_rcc.o
                0x08000d28                RCC_GetFlagStatus
 .text.TIM_TimeBaseInit
                0x08000d9c       0xf8 StdPeriph_Driver/src/stm32f10x_tim.o
                0x08000d9c                TIM_TimeBaseInit
 .text.TIM_OC1Init
                0x08000e94      0x118 StdPeriph_Driver/src/stm32f10x_tim.o
                0x08000e94                TIM_OC1Init
 .text.TIM_Cmd  0x08000fac       0x3e StdPeriph_Driver/src/stm32f10x_tim.o
                0x08000fac                TIM_Cmd
 .text.TIM_ITConfig
                0x08000fea       0x46 StdPeriph_Driver/src/stm32f10x_tim.o
                0x08000fea                TIM_ITConfig
 .text.TIM_OC1PreloadConfig
                0x08001030       0x36 StdPeriph_Driver/src/stm32f10x_tim.o
                0x08001030                TIM_OC1PreloadConfig
 .text.TIM_SetCompare1
                0x08001066       0x1c StdPeriph_Driver/src/stm32f10x_tim.o
                0x08001066                TIM_SetCompare1
 .text.TIM_GetCapture1
                0x08001082       0x18 StdPeriph_Driver/src/stm32f10x_tim.o
                0x08001082                TIM_GetCapture1
 .text.TIM_GetITStatus
                0x0800109a       0x52 StdPeriph_Driver/src/stm32f10x_tim.o
                0x0800109a                TIM_GetITStatus
 .text.TIM_ClearITPendingBit
                0x080010ec       0x20 StdPeriph_Driver/src/stm32f10x_tim.o
                0x080010ec                TIM_ClearITPendingBit
 .text.USART_Init
                0x0800110c      0x174 StdPeriph_Driver/src/stm32f10x_usart.o
                0x0800110c                USART_Init
 .text.USART_Cmd
                0x08001280       0x3e StdPeriph_Driver/src/stm32f10x_usart.o
                0x08001280                USART_Cmd
 .text.USART_ITConfig
                0x080012be       0x8e StdPeriph_Driver/src/stm32f10x_usart.o
                0x080012be                USART_ITConfig
 .text.USART_DMACmd
                0x0800134c       0x46 StdPeriph_Driver/src/stm32f10x_usart.o
                0x0800134c                USART_DMACmd
 .text.USART_ClearFlag
                0x08001392       0x20 StdPeriph_Driver/src/stm32f10x_usart.o
                0x08001392                USART_ClearFlag
 *fill*         0x080013b2        0x2 
 .text.gpio_init
                0x080013b4       0x5c src/init/GPIO.o
                0x080013b4                gpio_init
 .text.nvic_init
                0x08001410       0xa0 src/init/NVIC_init.o
                0x08001410                nvic_init
 .text.RCC_init
                0x080014b0       0x8c src/init/RCC_init.o
                0x080014b0                RCC_init
 .text.tim1_init
                0x0800153c       0x68 src/init/TIMERS_init.o
                0x0800153c                tim1_init
 .text.USART1_init
                0x080015a4       0xe8 src/init/USART_init.o
                0x080015a4                USART1_init
 .text.buf_full
                0x0800168c       0x20 src/init/USART_init.o
                0x0800168c                buf_full
 .text.buf_empty
                0x080016ac       0x20 src/init/USART_init.o
                0x080016ac                buf_empty
 .text.append_rx_data_size
                0x080016cc       0x48 src/init/USART_init.o
                0x080016cc                append_rx_data_size
 .text.buf_readbyte
                0x08001714       0x58 src/init/USART_init.o
                0x08001714                buf_readbyte
 .text.find_start_of_frame
                0x0800176c       0x30 src/init/USART_init.o
                0x0800176c                find_start_of_frame
 .text.DMA_chan4_send_data
                0x0800179c       0x48 src/init/USART_init.o
                0x0800179c                DMA_chan4_send_data
 .text.init_engines
                0x080017e4       0x68 src/init/engine.o
                0x080017e4                init_engines
 .text.NMI_Handler
                0x0800184c        0xc src/init/stm32f10x_it.o
                0x0800184c                NMI_Handler
 .text.HardFault_Handler
                0x08001858        0x6 src/init/stm32f10x_it.o
                0x08001858                HardFault_Handler
 .text.MemManage_Handler
                0x0800185e        0x6 src/init/stm32f10x_it.o
                0x0800185e                MemManage_Handler
 .text.BusFault_Handler
                0x08001864        0x6 src/init/stm32f10x_it.o
                0x08001864                BusFault_Handler
 .text.UsageFault_Handler
                0x0800186a        0x6 src/init/stm32f10x_it.o
                0x0800186a                UsageFault_Handler
 .text.SVC_Handler
                0x08001870        0xc src/init/stm32f10x_it.o
                0x08001870                SVC_Handler
 .text.DebugMon_Handler
                0x0800187c        0xc src/init/stm32f10x_it.o
                0x0800187c                DebugMon_Handler
 .text.PendSV_Handler
                0x08001888        0xc src/init/stm32f10x_it.o
                0x08001888                PendSV_Handler
 .text.SysTick_Handler
                0x08001894       0x48 src/init/stm32f10x_it.o
                0x08001894                SysTick_Handler
 .text.TIM1_CC_IRQHandler
                0x080018dc      0x168 src/init/stm32f10x_it.o
                0x080018dc                TIM1_CC_IRQHandler
 .text.EXTI0_IRQHandler
                0x08001a44        0xe src/init/stm32f10x_it.o
                0x08001a44                EXTI0_IRQHandler
 *fill*         0x08001a52        0x2 
 .text.USART1_IRQHandler
                0x08001a54       0x24 src/init/stm32f10x_it.o
                0x08001a54                USART1_IRQHandler
 .text.DMA1_Channel5_IRQHandler
                0x08001a78       0x24 src/init/stm32f10x_it.o
                0x08001a78                DMA1_Channel5_IRQHandler
 .text.NVIC_SetPriority
                0x08001a9c       0x54 src/main.o
 .text.SysTick_Config
                0x08001af0       0x44 src/main.o
 .text.main     0x08001b34       0xdc src/main.o
                0x08001b34                main
 .text.parse_comand
                0x08001c10      0x12c src/main.o
                0x08001c10                parse_comand
 .text.hex_char_to_dec
                0x08001d3c       0x52 src/main.o
                0x08001d3c                hex_char_to_dec
 *fill*         0x08001d8e        0x2 
 .text.SystemInit
                0x08001d90       0x68 src/system_stm32f10x.o
                0x08001d90                SystemInit
 .text.SetSysClock
                0x08001df8        0xc src/system_stm32f10x.o
 .text.SetSysClockTo72
                0x08001e04      0x100 src/system_stm32f10x.o
 .text.Reset_Handler
                0x08001f04       0x50 startup/startup_stm32.o
                0x08001f04                Reset_Handler
 .text.Default_Handler
                0x08001f54        0x2 startup/startup_stm32.o
                0x08001f54                EXTI2_IRQHandler
                0x08001f54                TIM8_TRG_COM_IRQHandler
                0x08001f54                TIM8_CC_IRQHandler
                0x08001f54                TIM6_IRQHandler
                0x08001f54                PVD_IRQHandler
                0x08001f54                SDIO_IRQHandler
                0x08001f54                EXTI3_IRQHandler
                0x08001f54                USB_HP_CAN_TX_IRQHandler
                0x08001f54                I2C2_EV_IRQHandler
                0x08001f54                ADC1_2_IRQHandler
                0x08001f54                SPI1_IRQHandler
                0x08001f54                CAN_SCE_IRQHandler
                0x08001f54                TAMPER_IRQHandler
                0x08001f54                TIM8_UP_IRQHandler
                0x08001f54                DMA2_Channel2_IRQHandler
                0x08001f54                DMA1_Channel4_IRQHandler
                0x08001f54                USART3_IRQHandler
                0x08001f54                RTC_IRQHandler
                0x08001f54                DMA1_Channel7_IRQHandler
                0x08001f54                UART5_IRQHandler
                0x08001f54                ADC3_IRQHandler
                0x08001f54                TIM4_IRQHandler
                0x08001f54                CAN_RX1_IRQHandler
                0x08001f54                DMA2_Channel1_IRQHandler
                0x08001f54                I2C1_EV_IRQHandler
                0x08001f54                DMA1_Channel6_IRQHandler
                0x08001f54                UART4_IRQHandler
                0x08001f54                TIM3_IRQHandler
                0x08001f54                RCC_IRQHandler
                0x08001f54                TIM1_TRG_COM_IRQHandler
                0x08001f54                DMA1_Channel1_IRQHandler
                0x08001f54                Default_Handler
                0x08001f54                EXTI15_10_IRQHandler
                0x08001f54                TIM7_IRQHandler
                0x08001f54                TIM5_IRQHandler
                0x08001f54                EXTI9_5_IRQHandler
                0x08001f54                SPI2_IRQHandler
                0x08001f54                USB_LP_CAN_RX0_IRQHandler
                0x08001f54                EXTI4_IRQHandler
                0x08001f54                DMA1_Channel3_IRQHandler
                0x08001f54                FSMC_IRQHandler
                0x08001f54                TIM1_UP_IRQHandler
                0x08001f54                WWDG_IRQHandler
                0x08001f54                TIM2_IRQHandler
                0x08001f54                TIM1_BRK_IRQHandler
                0x08001f54                EXTI1_IRQHandler
                0x08001f54                RTCAlarm_IRQHandler
                0x08001f54                DMA2_Channel4_5_IRQHandler
                0x08001f54                USART2_IRQHandler
                0x08001f54                I2C2_ER_IRQHandler
                0x08001f54                DMA1_Channel2_IRQHandler
                0x08001f54                TIM8_BRK_IRQHandler
                0x08001f54                FLASH_IRQHandler
                0x08001f54                SPI3_IRQHandler
                0x08001f54                I2C1_ER_IRQHandler
                0x08001f54                DMA2_Channel3_IRQHandler
 *fill*         0x08001f56        0x2 
 .text.__libc_init_array
                0x08001f58       0x48 f:/systemworkbench/plugins/fr.ac6.mcu.externaltools.arm-none.win32_1.17.0.201812190825/tools/compiler/bin/../lib/gcc/arm-none-eabi/7.3.1/../../../../arm-none-eabi/lib/thumb/v7-m\libc.a(lib_a-init.o)
                0x08001f58                __libc_init_array
 .text.startup.register_fini
                0x08001fa0       0x14 f:/systemworkbench/plugins/fr.ac6.mcu.externaltools.arm-none.win32_1.17.0.201812190825/tools/compiler/bin/../lib/gcc/arm-none-eabi/7.3.1/../../../../arm-none-eabi/lib/thumb/v7-m\libc.a(lib_a-__call_atexit.o)
 .text.atexit   0x08001fb4        0xc f:/systemworkbench/plugins/fr.ac6.mcu.externaltools.arm-none.win32_1.17.0.201812190825/tools/compiler/bin/../lib/gcc/arm-none-eabi/7.3.1/../../../../arm-none-eabi/lib/thumb/v7-m\libc.a(lib_a-atexit.o)
                0x08001fb4                atexit
 .text.__libc_fini_array
                0x08001fc0       0x34 f:/systemworkbench/plugins/fr.ac6.mcu.externaltools.arm-none.win32_1.17.0.201812190825/tools/compiler/bin/../lib/gcc/arm-none-eabi/7.3.1/../../../../arm-none-eabi/lib/thumb/v7-m\libc.a(lib_a-fini.o)
                0x08001fc0                __libc_fini_array
 .text.__retarget_lock_acquire_recursive
                0x08001ff4        0x4 f:/systemworkbench/plugins/fr.ac6.mcu.externaltools.arm-none.win32_1.17.0.201812190825/tools/compiler/bin/../lib/gcc/arm-none-eabi/7.3.1/../../../../arm-none-eabi/lib/thumb/v7-m\libc.a(lib_a-lock.o)
                0x08001ff4                __retarget_lock_acquire_recursive
 .text.__retarget_lock_release_recursive
                0x08001ff8        0x4 f:/systemworkbench/plugins/fr.ac6.mcu.externaltools.arm-none.win32_1.17.0.201812190825/tools/compiler/bin/../lib/gcc/arm-none-eabi/7.3.1/../../../../arm-none-eabi/lib/thumb/v7-m\libc.a(lib_a-lock.o)
                0x08001ff8                __retarget_lock_release_recursive
 .text.__register_exitproc
                0x08001ffc       0xc0 f:/systemworkbench/plugins/fr.ac6.mcu.externaltools.arm-none.win32_1.17.0.201812190825/tools/compiler/bin/../lib/gcc/arm-none-eabi/7.3.1/../../../../arm-none-eabi/lib/thumb/v7-m\libc.a(lib_a-__atexit.o)
                0x08001ffc                __register_exitproc
 *(.glue_7)
 .glue_7        0x080020bc        0x0 linker stubs
 *(.glue_7t)
 .glue_7t       0x080020bc        0x0 linker stubs
 *(.eh_frame)
 .eh_frame      0x080020bc        0x0 f:/systemworkbench/plugins/fr.ac6.mcu.externaltools.arm-none.win32_1.17.0.201812190825/tools/compiler/bin/../lib/gcc/arm-none-eabi/7.3.1/thumb/v7-m/crtbegin.o
 *(.init)
 .init          0x080020bc        0x4 f:/systemworkbench/plugins/fr.ac6.mcu.externaltools.arm-none.win32_1.17.0.201812190825/tools/compiler/bin/../lib/gcc/arm-none-eabi/7.3.1/thumb/v7-m/crti.o
                0x080020bc                _init
 .init          0x080020c0        0x8 f:/systemworkbench/plugins/fr.ac6.mcu.externaltools.arm-none.win32_1.17.0.201812190825/tools/compiler/bin/../lib/gcc/arm-none-eabi/7.3.1/thumb/v7-m/crtn.o
 *(.fini)
 .fini          0x080020c8        0x4 f:/systemworkbench/plugins/fr.ac6.mcu.externaltools.arm-none.win32_1.17.0.201812190825/tools/compiler/bin/../lib/gcc/arm-none-eabi/7.3.1/thumb/v7-m/crti.o
                0x080020c8                _fini
 .fini          0x080020cc        0x8 f:/systemworkbench/plugins/fr.ac6.mcu.externaltools.arm-none.win32_1.17.0.201812190825/tools/compiler/bin/../lib/gcc/arm-none-eabi/7.3.1/thumb/v7-m/crtn.o
                0x080020d4                . = ALIGN (0x4)
                0x080020d4                _etext = .

.vfp11_veneer   0x080020d4        0x0
 .vfp11_veneer  0x080020d4        0x0 linker stubs

.v4_bx          0x080020d4        0x0
 .v4_bx         0x080020d4        0x0 linker stubs

.iplt           0x080020d4        0x0
 .iplt          0x080020d4        0x0 f:/systemworkbench/plugins/fr.ac6.mcu.externaltools.arm-none.win32_1.17.0.201812190825/tools/compiler/bin/../lib/gcc/arm-none-eabi/7.3.1/thumb/v7-m/crtbegin.o

.rodata         0x080020d4        0xc
                0x080020d4                . = ALIGN (0x4)
 *(.rodata)
 .rodata        0x080020d4        0x8 src/main.o
 *(.rodata*)
 .rodata._global_impure_ptr
                0x080020dc        0x4 f:/systemworkbench/plugins/fr.ac6.mcu.externaltools.arm-none.win32_1.17.0.201812190825/tools/compiler/bin/../lib/gcc/arm-none-eabi/7.3.1/../../../../arm-none-eabi/lib/thumb/v7-m\libc.a(lib_a-impure.o)
                0x080020dc                _global_impure_ptr
                0x080020e0                . = ALIGN (0x4)

.rel.dyn        0x080020e0        0x0
 .rel.iplt      0x080020e0        0x0 f:/systemworkbench/plugins/fr.ac6.mcu.externaltools.arm-none.win32_1.17.0.201812190825/tools/compiler/bin/../lib/gcc/arm-none-eabi/7.3.1/thumb/v7-m/crtbegin.o

.ARM.extab      0x080020e0        0x0
                0x080020e0                . = ALIGN (0x4)
 *(.ARM.extab* .gnu.linkonce.armextab.*)
                0x080020e0                . = ALIGN (0x4)

.ARM            0x080020e0        0x0
                0x080020e0                . = ALIGN (0x4)
                0x080020e0                __exidx_start = .
 *(.ARM.exidx*)
                0x080020e0                __exidx_end = .
                0x080020e0                . = ALIGN (0x4)

.preinit_array  0x080020e0        0x0
                0x080020e0                . = ALIGN (0x4)
                0x080020e0                PROVIDE (__preinit_array_start = .)
 *(.preinit_array*)
                0x080020e0                PROVIDE (__preinit_array_end = .)
                0x080020e0                . = ALIGN (0x4)

.init_array     0x080020e0        0x8
                0x080020e0                . = ALIGN (0x4)
                0x080020e0                PROVIDE (__init_array_start = .)
 *(SORT_BY_NAME(.init_array.*))
 .init_array.00000
                0x080020e0        0x4 f:/systemworkbench/plugins/fr.ac6.mcu.externaltools.arm-none.win32_1.17.0.201812190825/tools/compiler/bin/../lib/gcc/arm-none-eabi/7.3.1/../../../../arm-none-eabi/lib/thumb/v7-m\libc.a(lib_a-__call_atexit.o)
 *(.init_array*)
 .init_array    0x080020e4        0x4 f:/systemworkbench/plugins/fr.ac6.mcu.externaltools.arm-none.win32_1.17.0.201812190825/tools/compiler/bin/../lib/gcc/arm-none-eabi/7.3.1/thumb/v7-m/crtbegin.o
                0x080020e8                PROVIDE (__init_array_end = .)
                0x080020e8                . = ALIGN (0x4)

.fini_array     0x080020e8        0x4
                0x080020e8                . = ALIGN (0x4)
                0x080020e8                PROVIDE (__fini_array_start = .)
 *(SORT_BY_NAME(.fini_array.*))
 *(.fini_array*)
 .fini_array    0x080020e8        0x4 f:/systemworkbench/plugins/fr.ac6.mcu.externaltools.arm-none.win32_1.17.0.201812190825/tools/compiler/bin/../lib/gcc/arm-none-eabi/7.3.1/thumb/v7-m/crtbegin.o
                0x080020ec                PROVIDE (__fini_array_end = .)
                0x080020ec                . = ALIGN (0x4)
                0x080020ec                _sidata = LOADADDR (.data)

.data           0x20000000      0x4a4 load address 0x080020ec
                0x20000000                . = ALIGN (0x4)
                0x20000000                _sdata = .
 *(.data)
 .data          0x20000000       0x14 StdPeriph_Driver/src/stm32f10x_rcc.o
 .data          0x20000014       0x4c src/init/USART_init.o
                0x20000014                wsk_rx
                0x20000018                RX_buf
                0x2000001c                TX_buf
                0x20000020                DMA_TX_buf
 .data          0x20000060        0xa src/init/engine.o
                0x20000060                direction
 *fill*         0x2000006a        0x2 
 .data          0x2000006c        0xa src/init/stm32f10x_it.o
                0x2000006c                engine_pins
 *(.data*)
 *fill*         0x20000076        0x2 
 .data.impure_data
                0x20000078      0x428 f:/systemworkbench/plugins/fr.ac6.mcu.externaltools.arm-none.win32_1.17.0.201812190825/tools/compiler/bin/../lib/gcc/arm-none-eabi/7.3.1/../../../../arm-none-eabi/lib/thumb/v7-m\libc.a(lib_a-impure.o)
 .data.__atexit_recursive_mutex
                0x200004a0        0x4 f:/systemworkbench/plugins/fr.ac6.mcu.externaltools.arm-none.win32_1.17.0.201812190825/tools/compiler/bin/../lib/gcc/arm-none-eabi/7.3.1/../../../../arm-none-eabi/lib/thumb/v7-m\libc.a(lib_a-__call_atexit.o)
                0x200004a0                __atexit_recursive_mutex
                0x200004a4                . = ALIGN (0x4)
                0x200004a4                _edata = .

.igot.plt       0x200004a4        0x0 load address 0x08002590
 .igot.plt      0x200004a4        0x0 f:/systemworkbench/plugins/fr.ac6.mcu.externaltools.arm-none.win32_1.17.0.201812190825/tools/compiler/bin/../lib/gcc/arm-none-eabi/7.3.1/thumb/v7-m/crtbegin.o
                0x200004a4                . = ALIGN (0x4)

.bss            0x200004a4      0x15c load address 0x08002590
                0x200004a4                _sbss = .
                0x200004a4                __bss_start__ = _sbss
 *(.bss)
 .bss           0x200004a4       0x1c f:/systemworkbench/plugins/fr.ac6.mcu.externaltools.arm-none.win32_1.17.0.201812190825/tools/compiler/bin/../lib/gcc/arm-none-eabi/7.3.1/thumb/v7-m/crtbegin.o
 .bss           0x200004c0        0xe src/init/stm32f10x_it.o
                0x200004c0                data_position
                0x200004c1                data_cnt
 .bss           0x200004ce        0x1 src/main.o
 *(.bss*)
 *(COMMON)
 *fill*         0x200004cf        0x1 
 COMMON         0x200004d0       0x33 src/init/TIMERS_init.o
                0x200004d0                command_recived
                0x200004d4                command
                0x200004d8                engines
                0x200004f8                sys_tims
                0x20000502                value
 *fill*         0x20000503        0x1 
 COMMON         0x20000504       0xd8 src/init/USART_init.o
                0x20000504                bufor_tx
                0x2000054c                bufor_rx
                0x20000594                dma_bufor_rx
 COMMON         0x200005dc       0x21 f:/systemworkbench/plugins/fr.ac6.mcu.externaltools.arm-none.win32_1.17.0.201812190825/tools/compiler/bin/../lib/gcc/arm-none-eabi/7.3.1/../../../../arm-none-eabi/lib/thumb/v7-m\libc.a(lib_a-lock.o)
                0x200005dc                __lock___atexit_recursive_mutex
                0x200005e0                __lock___arc4random_mutex
                0x200005e4                __lock___env_recursive_mutex
                0x200005e8                __lock___sinit_recursive_mutex
                0x200005ec                __lock___malloc_recursive_mutex
                0x200005f0                __lock___at_quick_exit_mutex
                0x200005f4                __lock___dd_hash_mutex
                0x200005f8                __lock___tz_mutex
                0x200005fc                __lock___sfp_recursive_mutex
                0x20000600                . = ALIGN (0x4)
 *fill*         0x200005fd        0x3 
                0x20000600                _ebss = .
                0x20000600                __bss_end__ = _ebss

._user_heap_stack
                0x20000600      0x400 load address 0x08002590
                0x20000600                . = ALIGN (0x8)
                0x20000600                PROVIDE (end = .)
                [!provide]                PROVIDE (_end = .)
                0x20000600                . = (. + _Min_Heap_Size)
                0x20000a00                . = (. + _Min_Stack_Size)
 *fill*         0x20000600      0x400 
                0x20000a00                . = ALIGN (0x8)

/DISCARD/
 libc.a(*)
 libm.a(*)
 libgcc.a(*)

.ARM.attributes
                0x00000000       0x29
 *(.ARM.attributes)
 .ARM.attributes
                0x00000000       0x1d f:/systemworkbench/plugins/fr.ac6.mcu.externaltools.arm-none.win32_1.17.0.201812190825/tools/compiler/bin/../lib/gcc/arm-none-eabi/7.3.1/thumb/v7-m/crti.o
 .ARM.attributes
                0x0000001d       0x2d f:/systemworkbench/plugins/fr.ac6.mcu.externaltools.arm-none.win32_1.17.0.201812190825/tools/compiler/bin/../lib/gcc/arm-none-eabi/7.3.1/thumb/v7-m/crtbegin.o
 .ARM.attributes
                0x0000004a       0x33 StdPeriph_Driver/src/misc.o
 .ARM.attributes
                0x0000007d       0x33 StdPeriph_Driver/src/stm32f10x_dma.o
 .ARM.attributes
                0x000000b0       0x33 StdPeriph_Driver/src/stm32f10x_exti.o
 .ARM.attributes
                0x000000e3       0x33 StdPeriph_Driver/src/stm32f10x_flash.o
 .ARM.attributes
                0x00000116       0x33 StdPeriph_Driver/src/stm32f10x_gpio.o
 .ARM.attributes
                0x00000149       0x33 StdPeriph_Driver/src/stm32f10x_rcc.o
 .ARM.attributes
                0x0000017c       0x33 StdPeriph_Driver/src/stm32f10x_tim.o
 .ARM.attributes
                0x000001af       0x33 StdPeriph_Driver/src/stm32f10x_usart.o
 .ARM.attributes
                0x000001e2       0x33 src/init/GPIO.o
 .ARM.attributes
                0x00000215       0x33 src/init/NVIC_init.o
 .ARM.attributes
                0x00000248       0x33 src/init/RCC_init.o
 .ARM.attributes
                0x0000027b       0x33 src/init/TIMERS_init.o
 .ARM.attributes
                0x000002ae       0x33 src/init/USART_init.o
 .ARM.attributes
                0x000002e1       0x33 src/init/engine.o
 .ARM.attributes
                0x00000314       0x33 src/init/stm32f10x_it.o
 .ARM.attributes
                0x00000347       0x33 src/main.o
 .ARM.attributes
                0x0000037a       0x33 src/system_stm32f10x.o
 .ARM.attributes
                0x000003ad       0x21 startup/startup_stm32.o
 .ARM.attributes
                0x000003ce       0x2d f:/systemworkbench/plugins/fr.ac6.mcu.externaltools.arm-none.win32_1.17.0.201812190825/tools/compiler/bin/../lib/gcc/arm-none-eabi/7.3.1/../../../../arm-none-eabi/lib/thumb/v7-m\libc.a(lib_a-impure.o)
 .ARM.attributes
                0x000003fb       0x2d f:/systemworkbench/plugins/fr.ac6.mcu.externaltools.arm-none.win32_1.17.0.201812190825/tools/compiler/bin/../lib/gcc/arm-none-eabi/7.3.1/../../../../arm-none-eabi/lib/thumb/v7-m\libc.a(lib_a-init.o)
 .ARM.attributes
                0x00000428       0x2d f:/systemworkbench/plugins/fr.ac6.mcu.externaltools.arm-none.win32_1.17.0.201812190825/tools/compiler/bin/../lib/gcc/arm-none-eabi/7.3.1/../../../../arm-none-eabi/lib/thumb/v7-m\libc.a(lib_a-__call_atexit.o)
 .ARM.attributes
                0x00000455       0x2d f:/systemworkbench/plugins/fr.ac6.mcu.externaltools.arm-none.win32_1.17.0.201812190825/tools/compiler/bin/../lib/gcc/arm-none-eabi/7.3.1/../../../../arm-none-eabi/lib/thumb/v7-m\libc.a(lib_a-atexit.o)
 .ARM.attributes
                0x00000482       0x2d f:/systemworkbench/plugins/fr.ac6.mcu.externaltools.arm-none.win32_1.17.0.201812190825/tools/compiler/bin/../lib/gcc/arm-none-eabi/7.3.1/../../../../arm-none-eabi/lib/thumb/v7-m\libc.a(lib_a-fini.o)
 .ARM.attributes
                0x000004af       0x2d f:/systemworkbench/plugins/fr.ac6.mcu.externaltools.arm-none.win32_1.17.0.201812190825/tools/compiler/bin/../lib/gcc/arm-none-eabi/7.3.1/../../../../arm-none-eabi/lib/thumb/v7-m\libc.a(lib_a-lock.o)
 .ARM.attributes
                0x000004dc       0x2d f:/systemworkbench/plugins/fr.ac6.mcu.externaltools.arm-none.win32_1.17.0.201812190825/tools/compiler/bin/../lib/gcc/arm-none-eabi/7.3.1/../../../../arm-none-eabi/lib/thumb/v7-m\libc.a(lib_a-__atexit.o)
 .ARM.attributes
                0x00000509       0x1d f:/systemworkbench/plugins/fr.ac6.mcu.externaltools.arm-none.win32_1.17.0.201812190825/tools/compiler/bin/../lib/gcc/arm-none-eabi/7.3.1/thumb/v7-m/crtn.o
OUTPUT(stmf103c8.elf elf32-littlearm)

.debug_info     0x00000000     0x956a
 .debug_info    0x00000000      0x4e7 StdPeriph_Driver/src/misc.o
 .debug_info    0x000004e7      0x46f StdPeriph_Driver/src/stm32f10x_dma.o
 .debug_info    0x00000956      0x34b StdPeriph_Driver/src/stm32f10x_exti.o
 .debug_info    0x00000ca1      0x7b2 StdPeriph_Driver/src/stm32f10x_flash.o
 .debug_info    0x00001453      0x6ec StdPeriph_Driver/src/stm32f10x_gpio.o
 .debug_info    0x00001b3f      0x89c StdPeriph_Driver/src/stm32f10x_rcc.o
 .debug_info    0x000023db     0x1c54 StdPeriph_Driver/src/stm32f10x_tim.o
 .debug_info    0x0000402f      0x9e4 StdPeriph_Driver/src/stm32f10x_usart.o
 .debug_info    0x00004a13      0x1fa src/init/GPIO.o
 .debug_info    0x00004c0d      0x329 src/init/NVIC_init.o
 .debug_info    0x00004f36      0x135 src/init/RCC_init.o
 .debug_info    0x0000506b      0xde5 src/init/TIMERS_init.o
 .debug_info    0x00005e50      0xf63 src/init/USART_init.o
 .debug_info    0x00006db3      0x227 src/init/engine.o
 .debug_info    0x00006fda      0xf3d src/init/stm32f10x_it.o
 .debug_info    0x00007f17     0x11e1 src/main.o
 .debug_info    0x000090f8      0x450 src/system_stm32f10x.o
 .debug_info    0x00009548       0x22 startup/startup_stm32.o

.debug_abbrev   0x00000000     0x1d07
 .debug_abbrev  0x00000000      0x186 StdPeriph_Driver/src/misc.o
 .debug_abbrev  0x00000186      0x187 StdPeriph_Driver/src/stm32f10x_dma.o
 .debug_abbrev  0x0000030d      0x16f StdPeriph_Driver/src/stm32f10x_exti.o
 .debug_abbrev  0x0000047c      0x1a7 StdPeriph_Driver/src/stm32f10x_flash.o
 .debug_abbrev  0x00000623      0x1e4 StdPeriph_Driver/src/stm32f10x_gpio.o
 .debug_abbrev  0x00000807      0x1d4 StdPeriph_Driver/src/stm32f10x_rcc.o
 .debug_abbrev  0x000009db      0x1c8 StdPeriph_Driver/src/stm32f10x_tim.o
 .debug_abbrev  0x00000ba3      0x194 StdPeriph_Driver/src/stm32f10x_usart.o
 .debug_abbrev  0x00000d37       0xf8 src/init/GPIO.o
 .debug_abbrev  0x00000e2f       0xfa src/init/NVIC_init.o
 .debug_abbrev  0x00000f29       0xba src/init/RCC_init.o
 .debug_abbrev  0x00000fe3      0x21c src/init/TIMERS_init.o
 .debug_abbrev  0x000011ff      0x2a0 src/init/USART_init.o
 .debug_abbrev  0x0000149f      0x126 src/init/engine.o
 .debug_abbrev  0x000015c5      0x29d src/init/stm32f10x_it.o
 .debug_abbrev  0x00001862      0x2f5 src/main.o
 .debug_abbrev  0x00001b57      0x19e src/system_stm32f10x.o
 .debug_abbrev  0x00001cf5       0x12 startup/startup_stm32.o

.debug_aranges  0x00000000      0x9d8
 .debug_aranges
                0x00000000       0x40 StdPeriph_Driver/src/misc.o
 .debug_aranges
                0x00000040       0x70 StdPeriph_Driver/src/stm32f10x_dma.o
 .debug_aranges
                0x000000b0       0x58 StdPeriph_Driver/src/stm32f10x_exti.o
 .debug_aranges
                0x00000108       0xf8 StdPeriph_Driver/src/stm32f10x_flash.o
 .debug_aranges
                0x00000200       0xa8 StdPeriph_Driver/src/stm32f10x_gpio.o
 .debug_aranges
                0x000002a8      0x118 StdPeriph_Driver/src/stm32f10x_rcc.o
 .debug_aranges
                0x000003c0      0x2f0 StdPeriph_Driver/src/stm32f10x_tim.o
 .debug_aranges
                0x000006b0      0x100 StdPeriph_Driver/src/stm32f10x_usart.o
 .debug_aranges
                0x000007b0       0x20 src/init/GPIO.o
 .debug_aranges
                0x000007d0       0x20 src/init/NVIC_init.o
 .debug_aranges
                0x000007f0       0x20 src/init/RCC_init.o
 .debug_aranges
                0x00000810       0x20 src/init/TIMERS_init.o
 .debug_aranges
                0x00000830       0x68 src/init/USART_init.o
 .debug_aranges
                0x00000898       0x20 src/init/engine.o
 .debug_aranges
                0x000008b8       0x80 src/init/stm32f10x_it.o
 .debug_aranges
                0x00000938       0x40 src/main.o
 .debug_aranges
                0x00000978       0x38 src/system_stm32f10x.o
 .debug_aranges
                0x000009b0       0x28 startup/startup_stm32.o

.debug_ranges   0x00000000      0x8c0
 .debug_ranges  0x00000000       0x30 StdPeriph_Driver/src/misc.o
 .debug_ranges  0x00000030       0x60 StdPeriph_Driver/src/stm32f10x_dma.o
 .debug_ranges  0x00000090       0x48 StdPeriph_Driver/src/stm32f10x_exti.o
 .debug_ranges  0x000000d8       0xe8 StdPeriph_Driver/src/stm32f10x_flash.o
 .debug_ranges  0x000001c0       0x98 StdPeriph_Driver/src/stm32f10x_gpio.o
 .debug_ranges  0x00000258      0x108 StdPeriph_Driver/src/stm32f10x_rcc.o
 .debug_ranges  0x00000360      0x2e0 StdPeriph_Driver/src/stm32f10x_tim.o
 .debug_ranges  0x00000640       0xf0 StdPeriph_Driver/src/stm32f10x_usart.o
 .debug_ranges  0x00000730       0x10 src/init/GPIO.o
 .debug_ranges  0x00000740       0x10 src/init/NVIC_init.o
 .debug_ranges  0x00000750       0x10 src/init/RCC_init.o
 .debug_ranges  0x00000760       0x10 src/init/TIMERS_init.o
 .debug_ranges  0x00000770       0x58 src/init/USART_init.o
 .debug_ranges  0x000007c8       0x10 src/init/engine.o
 .debug_ranges  0x000007d8       0x70 src/init/stm32f10x_it.o
 .debug_ranges  0x00000848       0x30 src/main.o
 .debug_ranges  0x00000878       0x28 src/system_stm32f10x.o
 .debug_ranges  0x000008a0       0x20 startup/startup_stm32.o

.debug_macro    0x00000000     0xf4e9
 .debug_macro   0x00000000      0x18b StdPeriph_Driver/src/misc.o
 .debug_macro   0x0000018b       0x56 StdPeriph_Driver/src/misc.o
 .debug_macro   0x000001e1       0x22 StdPeriph_Driver/src/misc.o
 .debug_macro   0x00000203      0x69f StdPeriph_Driver/src/misc.o
 .debug_macro   0x000008a2     0x7dbe StdPeriph_Driver/src/misc.o
 .debug_macro   0x00008660      0x2df StdPeriph_Driver/src/misc.o
 .debug_macro   0x0000893f      0x144 StdPeriph_Driver/src/misc.o
 .debug_macro   0x00008a83      0x3cf StdPeriph_Driver/src/misc.o
 .debug_macro   0x00008e52       0xc8 StdPeriph_Driver/src/misc.o
 .debug_macro   0x00008f1a      0x17a StdPeriph_Driver/src/misc.o
 .debug_macro   0x00009094       0xac StdPeriph_Driver/src/misc.o
 .debug_macro   0x00009140      0x3ad StdPeriph_Driver/src/misc.o
 .debug_macro   0x000094ed       0x9a StdPeriph_Driver/src/misc.o
 .debug_macro   0x00009587      0x2cf StdPeriph_Driver/src/misc.o
 .debug_macro   0x00009856      0x279 StdPeriph_Driver/src/misc.o
 .debug_macro   0x00009acf      0x2ac StdPeriph_Driver/src/misc.o
 .debug_macro   0x00009d7b      0x2b1 StdPeriph_Driver/src/misc.o
 .debug_macro   0x0000a02c       0x64 StdPeriph_Driver/src/misc.o
 .debug_macro   0x0000a090       0x82 StdPeriph_Driver/src/misc.o
 .debug_macro   0x0000a112      0x3e2 StdPeriph_Driver/src/misc.o
 .debug_macro   0x0000a4f4       0x58 StdPeriph_Driver/src/misc.o
 .debug_macro   0x0000a54c      0x341 StdPeriph_Driver/src/misc.o
 .debug_macro   0x0000a88d      0x2c4 StdPeriph_Driver/src/misc.o
 .debug_macro   0x0000ab51      0x711 StdPeriph_Driver/src/misc.o
 .debug_macro   0x0000b262      0x220 StdPeriph_Driver/src/misc.o
 .debug_macro   0x0000b482       0x34 StdPeriph_Driver/src/misc.o
 .debug_macro   0x0000b4b6       0x35 StdPeriph_Driver/src/misc.o
 .debug_macro   0x0000b4eb       0x85 StdPeriph_Driver/src/misc.o
 .debug_macro   0x0000b570      0x1dd StdPeriph_Driver/src/stm32f10x_dma.o
 .debug_macro   0x0000b74d      0x3a7 StdPeriph_Driver/src/stm32f10x_dma.o
 .debug_macro   0x0000baf4      0x18b StdPeriph_Driver/src/stm32f10x_exti.o
 .debug_macro   0x0000bc7f       0x94 StdPeriph_Driver/src/stm32f10x_exti.o
 .debug_macro   0x0000bd13      0x22d StdPeriph_Driver/src/stm32f10x_flash.o
 .debug_macro   0x0000bf40      0x2c9 StdPeriph_Driver/src/stm32f10x_flash.o
 .debug_macro   0x0000c209      0x1d7 StdPeriph_Driver/src/stm32f10x_gpio.o
 .debug_macro   0x0000c3e0      0x2a6 StdPeriph_Driver/src/stm32f10x_gpio.o
 .debug_macro   0x0000c686      0x2a1 StdPeriph_Driver/src/stm32f10x_rcc.o
 .debug_macro   0x0000c927      0x3dc StdPeriph_Driver/src/stm32f10x_rcc.o
 .debug_macro   0x0000cd03      0x1a1 StdPeriph_Driver/src/stm32f10x_tim.o
 .debug_macro   0x0000cea4      0x70b StdPeriph_Driver/src/stm32f10x_tim.o
 .debug_macro   0x0000d5af      0x23d StdPeriph_Driver/src/stm32f10x_usart.o
 .debug_macro   0x0000d7ec      0x21a StdPeriph_Driver/src/stm32f10x_usart.o
 .debug_macro   0x0000da06      0x185 src/init/GPIO.o
 .debug_macro   0x0000db8b      0x185 src/init/NVIC_init.o
 .debug_macro   0x0000dd10      0x185 src/init/RCC_init.o
 .debug_macro   0x0000de95      0x277 src/init/TIMERS_init.o
 .debug_macro   0x0000e10c       0x1c src/init/TIMERS_init.o
 .debug_macro   0x0000e128       0x4c src/init/TIMERS_init.o
 .debug_macro   0x0000e174       0x5e src/init/TIMERS_init.o
 .debug_macro   0x0000e1d2       0x18 src/init/TIMERS_init.o
 .debug_macro   0x0000e1ea       0x35 src/init/TIMERS_init.o
 .debug_macro   0x0000e21f       0x34 src/init/TIMERS_init.o
 .debug_macro   0x0000e253      0x174 src/init/TIMERS_init.o
 .debug_macro   0x0000e3c7       0x58 src/init/TIMERS_init.o
 .debug_macro   0x0000e41f       0x1f src/init/TIMERS_init.o
 .debug_macro   0x0000e43e       0x43 src/init/TIMERS_init.o
 .debug_macro   0x0000e481       0x20 src/init/TIMERS_init.o
 .debug_macro   0x0000e4a1      0x18e src/init/TIMERS_init.o
 .debug_macro   0x0000e62f      0x330 src/init/TIMERS_init.o
 .debug_macro   0x0000e95f       0x10 src/init/TIMERS_init.o
 .debug_macro   0x0000e96f       0x35 src/init/TIMERS_init.o
 .debug_macro   0x0000e9a4       0x16 src/init/TIMERS_init.o
 .debug_macro   0x0000e9ba      0x26d src/init/USART_init.o
 .debug_macro   0x0000ec27      0x18a src/init/engine.o
 .debug_macro   0x0000edb1       0x46 src/init/engine.o
 .debug_macro   0x0000edf7      0x276 src/init/stm32f10x_it.o
 .debug_macro   0x0000f06d       0x1c src/init/stm32f10x_it.o
 .debug_macro   0x0000f089      0x2b6 src/main.o
 .debug_macro   0x0000f33f       0x22 src/main.o
 .debug_macro   0x0000f361      0x188 src/system_stm32f10x.o

.debug_line     0x00000000     0x831b
 .debug_line    0x00000000      0x651 StdPeriph_Driver/src/misc.o
 .debug_line    0x00000651      0x73b StdPeriph_Driver/src/stm32f10x_dma.o
 .debug_line    0x00000d8c      0x6a8 StdPeriph_Driver/src/stm32f10x_exti.o
 .debug_line    0x00001434      0x8cd StdPeriph_Driver/src/stm32f10x_flash.o
 .debug_line    0x00001d01      0x7d2 StdPeriph_Driver/src/stm32f10x_gpio.o
 .debug_line    0x000024d3      0x8ce StdPeriph_Driver/src/stm32f10x_rcc.o
 .debug_line    0x00002da1      0xf53 StdPeriph_Driver/src/stm32f10x_tim.o
 .debug_line    0x00003cf4      0x8a0 StdPeriph_Driver/src/stm32f10x_usart.o
 .debug_line    0x00004594      0x5fb src/init/GPIO.o
 .debug_line    0x00004b8f      0x611 src/init/NVIC_init.o
 .debug_line    0x000051a0      0x612 src/init/RCC_init.o
 .debug_line    0x000057b2      0x6d4 src/init/TIMERS_init.o
 .debug_line    0x00005e86      0x7b8 src/init/USART_init.o
 .debug_line    0x0000663e      0x612 src/init/engine.o
 .debug_line    0x00006c50      0x7e8 src/init/stm32f10x_it.o
 .debug_line    0x00007438      0x7e0 src/main.o
 .debug_line    0x00007c18      0x687 src/system_stm32f10x.o
 .debug_line    0x0000829f       0x7c startup/startup_stm32.o

.debug_str      0x00000000    0x541aa
 .debug_str     0x00000000    0x4d2f1 StdPeriph_Driver/src/misc.o
                              0x4d462 (size before relaxing)
 .debug_str     0x0004d2f1      0x6f2 StdPeriph_Driver/src/stm32f10x_dma.o
                              0x4d90a (size before relaxing)
 .debug_str     0x0004d9e3      0x1db StdPeriph_Driver/src/stm32f10x_exti.o
                              0x4d3eb (size before relaxing)
 .debug_str     0x0004dbbe      0x7f6 StdPeriph_Driver/src/stm32f10x_flash.o
                              0x4da4c (size before relaxing)
 .debug_str     0x0004e3b4      0x5a4 StdPeriph_Driver/src/stm32f10x_gpio.o
                              0x4d7da (size before relaxing)
 .debug_str     0x0004e958      0xb59 StdPeriph_Driver/src/stm32f10x_rcc.o
                              0x4ddc0 (size before relaxing)
 .debug_str     0x0004f4b1      0xc15 StdPeriph_Driver/src/stm32f10x_tim.o
                              0x4dede (size before relaxing)
 .debug_str     0x000500c6      0x7f0 StdPeriph_Driver/src/stm32f10x_usart.o
                              0x4daea (size before relaxing)
 .debug_str     0x000508b6       0x3e src/init/GPIO.o
                              0x4d33c (size before relaxing)
 .debug_str     0x000508f4      0x320 src/init/NVIC_init.o
                              0x4d661 (size before relaxing)
 .debug_str     0x00050c14       0x43 src/init/RCC_init.o
                              0x4d251 (size before relaxing)
 .debug_str     0x00050c57     0x30d4 src/init/TIMERS_init.o
                              0x505d3 (size before relaxing)
 .debug_str     0x00053d2b      0x11c src/init/USART_init.o
                              0x50635 (size before relaxing)
 .debug_str     0x00053e47       0x2c src/init/engine.o
                              0x4d365 (size before relaxing)
 .debug_str     0x00053e73      0x1c6 src/init/stm32f10x_it.o
                              0x50651 (size before relaxing)
 .debug_str     0x00054039       0xc2 src/main.o
                              0x50930 (size before relaxing)
 .debug_str     0x000540fb       0x86 src/system_stm32f10x.o
                              0x4d36e (size before relaxing)
 .debug_str     0x00054181       0x29 startup/startup_stm32.o
                                 0x84 (size before relaxing)

.comment        0x00000000       0x7f
 .comment       0x00000000       0x7f StdPeriph_Driver/src/misc.o
                                 0x80 (size before relaxing)
 .comment       0x0000007f       0x80 StdPeriph_Driver/src/stm32f10x_dma.o
 .comment       0x0000007f       0x80 StdPeriph_Driver/src/stm32f10x_exti.o
 .comment       0x0000007f       0x80 StdPeriph_Driver/src/stm32f10x_flash.o
 .comment       0x0000007f       0x80 StdPeriph_Driver/src/stm32f10x_gpio.o
 .comment       0x0000007f       0x80 StdPeriph_Driver/src/stm32f10x_rcc.o
 .comment       0x0000007f       0x80 StdPeriph_Driver/src/stm32f10x_tim.o
 .comment       0x0000007f       0x80 StdPeriph_Driver/src/stm32f10x_usart.o
 .comment       0x0000007f       0x80 src/init/GPIO.o
 .comment       0x0000007f       0x80 src/init/NVIC_init.o
 .comment       0x0000007f       0x80 src/init/RCC_init.o
 .comment       0x0000007f       0x80 src/init/TIMERS_init.o
 .comment       0x0000007f       0x80 src/init/USART_init.o
 .comment       0x0000007f       0x80 src/init/engine.o
 .comment       0x0000007f       0x80 src/init/stm32f10x_it.o
 .comment       0x0000007f       0x80 src/main.o
 .comment       0x0000007f       0x80 src/system_stm32f10x.o

.debug_frame    0x00000000     0x29b4
 .debug_frame   0x00000000       0xd8 StdPeriph_Driver/src/misc.o
 .debug_frame   0x000000d8      0x1c8 StdPeriph_Driver/src/stm32f10x_dma.o
 .debug_frame   0x000002a0      0x148 StdPeriph_Driver/src/stm32f10x_exti.o
 .debug_frame   0x000003e8      0x410 StdPeriph_Driver/src/stm32f10x_flash.o
 .debug_frame   0x000007f8      0x2d0 StdPeriph_Driver/src/stm32f10x_gpio.o
 .debug_frame   0x00000ac8      0x4f4 StdPeriph_Driver/src/stm32f10x_rcc.o
 .debug_frame   0x00000fbc      0xe2c StdPeriph_Driver/src/stm32f10x_tim.o
 .debug_frame   0x00001de8      0x490 StdPeriph_Driver/src/stm32f10x_usart.o
 .debug_frame   0x00002278       0x34 src/init/GPIO.o
 .debug_frame   0x000022ac       0x34 src/init/NVIC_init.o
 .debug_frame   0x000022e0       0x34 src/init/RCC_init.o
 .debug_frame   0x00002314       0x34 src/init/TIMERS_init.o
 .debug_frame   0x00002348      0x188 src/init/USART_init.o
 .debug_frame   0x000024d0       0x34 src/init/engine.o
 .debug_frame   0x00002504      0x190 src/init/stm32f10x_it.o
 .debug_frame   0x00002694       0xc8 src/main.o
 .debug_frame   0x0000275c       0x98 src/system_stm32f10x.o
 .debug_frame   0x000027f4       0x2c f:/systemworkbench/plugins/fr.ac6.mcu.externaltools.arm-none.win32_1.17.0.201812190825/tools/compiler/bin/../lib/gcc/arm-none-eabi/7.3.1/../../../../arm-none-eabi/lib/thumb/v7-m\libc.a(lib_a-init.o)
 .debug_frame   0x00002820       0x5c f:/systemworkbench/plugins/fr.ac6.mcu.externaltools.arm-none.win32_1.17.0.201812190825/tools/compiler/bin/../lib/gcc/arm-none-eabi/7.3.1/../../../../arm-none-eabi/lib/thumb/v7-m\libc.a(lib_a-__call_atexit.o)
 .debug_frame   0x0000287c       0x20 f:/systemworkbench/plugins/fr.ac6.mcu.externaltools.arm-none.win32_1.17.0.201812190825/tools/compiler/bin/../lib/gcc/arm-none-eabi/7.3.1/../../../../arm-none-eabi/lib/thumb/v7-m\libc.a(lib_a-atexit.o)
 .debug_frame   0x0000289c       0x34 f:/systemworkbench/plugins/fr.ac6.mcu.externaltools.arm-none.win32_1.17.0.201812190825/tools/compiler/bin/../lib/gcc/arm-none-eabi/7.3.1/../../../../arm-none-eabi/lib/thumb/v7-m\libc.a(lib_a-fini.o)
 .debug_frame   0x000028d0       0xb0 f:/systemworkbench/plugins/fr.ac6.mcu.externaltools.arm-none.win32_1.17.0.201812190825/tools/compiler/bin/../lib/gcc/arm-none-eabi/7.3.1/../../../../arm-none-eabi/lib/thumb/v7-m\libc.a(lib_a-lock.o)
 .debug_frame   0x00002980       0x34 f:/systemworkbench/plugins/fr.ac6.mcu.externaltools.arm-none.win32_1.17.0.201812190825/tools/compiler/bin/../lib/gcc/arm-none-eabi/7.3.1/../../../../arm-none-eabi/lib/thumb/v7-m\libc.a(lib_a-__atexit.o)
